Component: Arm Compiler for Embedded 6.18 Tool: armlink [5e4cc100]

==============================================================================

Section Cross References

    startup_stm32f407xx.o(STACK) refers (Special) to heapauxi.o(.text) for __use_two_region_memory
    startup_stm32f407xx.o(HEAP) refers (Special) to heapauxi.o(.text) for __use_two_region_memory
    startup_stm32f407xx.o(RESET) refers (Special) to heapauxi.o(.text) for __use_two_region_memory
    startup_stm32f407xx.o(RESET) refers to startup_stm32f407xx.o(STACK) for __initial_sp
    startup_stm32f407xx.o(RESET) refers to startup_stm32f407xx.o(.text) for Reset_Handler
    startup_stm32f407xx.o(RESET) refers to stm32f4xx_it.o(.text.NMI_Handler) for NMI_Handler
    startup_stm32f407xx.o(RESET) refers to stm32f4xx_it.o(.text.HardFault_Handler) for HardFault_Handler
    startup_stm32f407xx.o(RESET) refers to stm32f4xx_it.o(.text.MemManage_Handler) for MemManage_Handler
    startup_stm32f407xx.o(RESET) refers to stm32f4xx_it.o(.text.BusFault_Handler) for BusFault_Handler
    startup_stm32f407xx.o(RESET) refers to stm32f4xx_it.o(.text.UsageFault_Handler) for UsageFault_Handler
    startup_stm32f407xx.o(RESET) refers to stm32f4xx_it.o(.text.SVC_Handler) for SVC_Handler
    startup_stm32f407xx.o(RESET) refers to stm32f4xx_it.o(.text.DebugMon_Handler) for DebugMon_Handler
    startup_stm32f407xx.o(RESET) refers to stm32f4xx_it.o(.text.PendSV_Handler) for PendSV_Handler
    startup_stm32f407xx.o(RESET) refers to stm32f4xx_it.o(.text.SysTick_Handler) for SysTick_Handler
    startup_stm32f407xx.o(RESET) refers to stm32f4xx_it.o(.text.EXTI4_IRQHandler) for EXTI4_IRQHandler
    startup_stm32f407xx.o(RESET) refers to stm32f4xx_it.o(.text.TIM3_IRQHandler) for TIM3_IRQHandler
    startup_stm32f407xx.o(RESET) refers to stm32f4xx_it.o(.text.TIM5_IRQHandler) for TIM5_IRQHandler
    startup_stm32f407xx.o(RESET) refers to stm32f4xx_it.o(.text.TIM6_DAC_IRQHandler) for TIM6_DAC_IRQHandler
    startup_stm32f407xx.o(RESET) refers to stm32f4xx_it.o(.text.DMA2_Stream1_IRQHandler) for DMA2_Stream1_IRQHandler
    startup_stm32f407xx.o(RESET) refers to stm32f4xx_it.o(.text.DMA2_Stream6_IRQHandler) for DMA2_Stream6_IRQHandler
    startup_stm32f407xx.o(RESET) refers to stm32f4xx_it.o(.text.USART6_IRQHandler) for USART6_IRQHandler
    startup_stm32f407xx.o(.text) refers (Special) to heapauxi.o(.text) for __use_two_region_memory
    startup_stm32f407xx.o(.text) refers to system_stm32f4xx.o(.text.SystemInit) for SystemInit
    startup_stm32f407xx.o(.text) refers to __main.o(!!!main) for __main
    startup_stm32f407xx.o(.text) refers to startup_stm32f407xx.o(HEAP) for Heap_Mem
    startup_stm32f407xx.o(.text) refers to startup_stm32f407xx.o(STACK) for Stack_Mem
    track.o(.text.GetEncoderSpeed) refers to track.o(.bss..L_MergedGlobals) for .L_MergedGlobals
    track.o(.ARM.exidx.text.GetEncoderSpeed) refers to track.o(.text.GetEncoderSpeed) for [Anonymous Symbol]
    track.o(.text.Tracking_Init) refers to track.o(.bss.motor) for motor
    track.o(.text.Tracking_Init) refers to track.o(.rodata.motor_speed1_pid) for motor_speed1_pid
    track.o(.text.Tracking_Init) refers to pid.o(.text.PID_init) for PID_init
    track.o(.text.Tracking_Init) refers to track.o(.rodata.motor_speed2_pid) for motor_speed2_pid
    track.o(.ARM.exidx.text.Tracking_Init) refers to track.o(.text.Tracking_Init) for [Anonymous Symbol]
    track.o(.text.Tracking) refers to track.o(.bss.motor) for motor
    track.o(.text.Tracking) refers to pid.o(.text.PID_clear) for PID_clear
    track.o(.text.Tracking) refers to track.o(.bss..L_MergedGlobals) for .L_MergedGlobals
    track.o(.text.Tracking) refers to motor.o(.text.car_go_straight) for car_go_straight
    track.o(.text.Tracking) refers to pid.o(.text.PID_calc) for PID_calc
    track.o(.text.Tracking) refers to stm32f4xx_hal.o(.text.HAL_Delay) for HAL_Delay
    track.o(.text.Tracking) refers to stm32f4xx_hal_gpio.o(.text.HAL_GPIO_ReadPin) for HAL_GPIO_ReadPin
    track.o(.text.Tracking) refers to motor.o(.text.car_go_stop) for car_go_stop
    track.o(.ARM.exidx.text.Tracking) refers to track.o(.text.Tracking) for [Anonymous Symbol]
    track.o(.text.Trackinghou) refers to track.o(.bss.motor) for motor
    track.o(.text.Trackinghou) refers to pid.o(.text.PID_clear) for PID_clear
    track.o(.text.Trackinghou) refers to track.o(.bss..L_MergedGlobals) for .L_MergedGlobals
    track.o(.text.Trackinghou) refers to motor.o(.text.car_go_after) for car_go_after
    track.o(.text.Trackinghou) refers to stm32f4xx_hal_gpio.o(.text.HAL_GPIO_ReadPin) for HAL_GPIO_ReadPin
    track.o(.text.Trackinghou) refers to pid.o(.text.PID_calc) for PID_calc
    track.o(.text.Trackinghou) refers to stm32f4xx_hal.o(.text.HAL_Delay) for HAL_Delay
    track.o(.text.Trackinghou) refers to motor.o(.text.car_go_stop) for car_go_stop
    track.o(.ARM.exidx.text.Trackinghou) refers to track.o(.text.Trackinghou) for [Anonymous Symbol]
[...]
    .ARM.Collect$$libinit$$00000015          0x08000202   Section        0  libinit2.o(.ARM.Collect$$libinit$$00000015)
    .ARM.Collect$$libinit$$00000017          0x08000202   Section        0  libinit2.o(.ARM.Collect$$libinit$$00000017)
    .ARM.Collect$$libinit$$00000019          0x08000202   Section        0  libinit2.o(.ARM.Collect$$libinit$$00000019)
    .ARM.Collect$$libinit$$0000001B          0x08000202   Section        0  libinit2.o(.ARM.Collect$$libinit$$0000001B)
    .ARM.Collect$$libinit$$0000001D          0x08000202   Section        0  libinit2.o(.ARM.Collect$$libinit$$0000001D)
    .ARM.Collect$$libinit$$0000001F          0x08000202   Section        0  libinit2.o(.ARM.Collect$$libinit$$0000001F)
    .ARM.Collect$$libinit$$00000021          0x08000202   Section        0  libinit2.o(.ARM.Collect$$libinit$$00000021)
    .ARM.Collect$$libinit$$00000023          0x08000202   Section        0  libinit2.o(.ARM.Collect$$libinit$$00000023)
    .ARM.Collect$$libinit$$00000025          0x08000202   Section        0  libinit2.o(.ARM.Collect$$libinit$$00000025)
    .ARM.Collect$$libinit$$00000027          0x08000202   Section        0  libinit2.o(.ARM.Collect$$libinit$$00000027)
    .ARM.Collect$$libinit$$0000002E          0x08000202   Section        0  libinit2.o(.ARM.Collect$$libinit$$0000002E)
    .ARM.Collect$$libinit$$00000030          0x08000202   Section        0  libinit2.o(.ARM.Collect$$libinit$$00000030)
    .ARM.Collect$$libinit$$00000032          0x08000202   Section        0  libinit2.o(.ARM.Collect$$libinit$$00000032)
    .ARM.Collect$$libinit$$00000034          0x08000202   Section        0  libinit2.o(.ARM.Collect$$libinit$$00000034)
    .ARM.Collect$$libinit$$00000035          0x08000202   Section        2  libinit2.o(.ARM.Collect$$libinit$$00000035)
    .ARM.Collect$$libshutdown$$00000000      0x08000204   Section        2  libshutdown.o(.ARM.Collect$$libshutdown$$00000000)
    .ARM.Collect$$libshutdown$$00000002      0x08000206   Section        0  libshutdown2.o(.ARM.Collect$$libshutdown$$00000002)
    .ARM.Collect$$libshutdown$$00000004      0x08000206   Section        0  libshutdown2.o(.ARM.Collect$$libshutdown$$00000004)
    .ARM.Collect$$libshutdown$$00000007      0x08000206   Section        0  libshutdown2.o(.ARM.Collect$$libshutdown$$00000007)
    .ARM.Collect$$libshutdown$$0000000A      0x08000206   Section        0  libshutdown2.o(.ARM.Collect$$libshutdown$$0000000A)
    .ARM.Collect$$libshutdown$$0000000C      0x08000206   Section        0  libshutdown2.o(.ARM.Collect$$libshutdown$$0000000C)
    .ARM.Collect$$libshutdown$$0000000F      0x08000206   Section        0  libshutdown2.o(.ARM.Collect$$libshutdown$$0000000F)
    .ARM.Collect$$libshutdown$$00000010      0x08000206   Section        2  libshutdown2.o(.ARM.Collect$$libshutdown$$00000010)
    .ARM.Collect$$rtentry$$00000000          0x08000208   Section        0  __rtentry.o(.ARM.Collect$$rtentry$$00000000)
    .ARM.Collect$$rtentry$$00000002          0x08000208   Section        0  __rtentry2.o(.ARM.Collect$$rtentry$$00000002)
    .ARM.Collect$$rtentry$$00000004          0x08000208   Section        6  __rtentry4.o(.ARM.Collect$$rtentry$$00000004)
    .ARM.Collect$$rtentry$$00000009          0x0800020e   Section        0  __rtentry2.o(.ARM.Collect$$rtentry$$00000009)
    .ARM.Collect$$rtentry$$0000000A          0x0800020e   Section        4  __rtentry2.o(.ARM.Collect$$rtentry$$0000000A)
    .ARM.Collect$$rtentry$$0000000C          0x08000212   Section        0  __rtentry2.o(.ARM.Collect$$rtentry$$0000000C)
    .ARM.Collect$$rtentry$$0000000D          0x08000212   Section        8  __rtentry2.o(.ARM.Collect$$rtentry$$0000000D)
    .ARM.Collect$$rtexit$$00000000           0x0800021a   Section        2  rtexit.o(.ARM.Collect$$rtexit$$00000000)
    .ARM.Collect$$rtexit$$00000002           0x0800021c   Section        0  rtexit2.o(.ARM.Collect$$rtexit$$00000002)
    .ARM.Collect$$rtexit$$00000003           0x0800021c   Section        4  rtexit2.o(.ARM.Collect$$rtexit$$00000003)
    .ARM.Collect$$rtexit$$00000004           0x08000220   Section        6  rtexit2.o(.ARM.Collect$$rtexit$$00000004)
    $v0                                      0x08000228   Number         0  startup_stm32f407xx.o(.text)
    .text                                    0x08000228   Section       64  startup_stm32f407xx.o(.text)
    .text                                    0x08000268   Section      240  lludivv7m.o(.text)
    .text                                    0x08000358   Section       78  rt_memclr_w.o(.text)
    .text                                    0x080003a6   Section        0  heapauxi.o(.text)
    .text                                    0x080003ac   Section       74  sys_stackheap_outer.o(.text)
    .text                                    0x080003f6   Section        0  exit.o(.text)
    .text                                    0x08000408   Section        8  libspace.o(.text)
    .text                                    0x08000410   Section        0  sys_exit.o(.text)
    .text                                    0x0800041c   Section        2  use_no_semi.o(.text)
    .text                                    0x0800041e   Section        0  indicate_semi.o(.text)
    [Anonymous Symbol]                       0x08000420   Section        0  stm32f4xx_it.o(.text.BusFault_Handler)
    [Anonymous Symbol]                       0x08000424   Section        0  duoji.o(.text.DISC_Rotate)
    [Anonymous Symbol]                       0x08000434   Section        0  stm32f4xx_it.o(.text.DMA2_Stream1_IRQHandler)
    [Anonymous Symbol]                       0x08000440   Section        0  stm32f4xx_it.o(.text.DMA2_Stream6_IRQHandler)
    [Anonymous Symbol]                       0x0800044c   Section        0  stm32f4xx_it.o(.text.DebugMon_Handler)
    [Anonymous Symbol]                       0x08000450   Section        0  stm32f4xx_it.o(.text.EXTI4_IRQHandler)
    [Anonymous Symbol]                       0x08000458   Section        0  main.o(.text.Error_Handler)
    [Anonymous Symbol]                       0x08000464   Section        0  stm32f4xx_hal_dma.o(.text.HAL_DMA_Abort)
    [Anonymous Symbol]                       0x080004f8   Section        0  stm32f4xx_hal_dma.o(.text.HAL_DMA_Abort_IT)
    [Anonymous Symbol]                       0x0800051c   Section        0  stm32f4xx_hal_dma.o(.text.HAL_DMA_IRQHandler)
    [Anonymous Symbol]                       0x080006dc   Section        0  stm32f4xx_hal_dma.o(.text.HAL_DMA_Init)
    [Anonymous Symbol]                       0x08000840   Section        0  stm32f4xx_hal.o(.text.HAL_Delay)
    [Anonymous Symbol]                       0x08000868   Section        0  tsc2300.o(.text.HAL_GPIO_EXTI_Callback)
    [Anonymous Symbol]                       0x08000880   Section        0  stm32f4xx_hal_gpio.o(.text.HAL_GPIO_EXTI_IRQHandler)
    [Anonymous Symbol]                       0x08000898   Section        0  stm32f4xx_hal_gpio.o(.text.HAL_GPIO_Init)
    [Anonymous Symbol]                       0x08000a54   Section        0  stm32f4xx_hal_gpio.o(.text.HAL_GPIO_ReadPin)
    [Anonymous Symbol]                       0x08000a60   Section        0  stm32f4xx_hal_gpio.o(.text.HAL_GPIO_WritePin)
    [Anonymous Symbol]                       0x08000a6c   Section        0  stm32f4xx_hal.o(.text.HAL_GetTick)
    [Anonymous Symbol]                       0x08000a78   Section        0  stm32f4xx_hal.o(.text.HAL_IncTick)
    [Anonymous Symbol]                       0x08000a94   Section        0  stm32f4xx_hal.o(.text.HAL_Init)
    [Anonymous Symbol]                       0x08000acc   Section        0  stm32f4xx_hal.o(.text.HAL_InitTick)
    [Anonymous Symbol]                       0x08000b14   Section        0  stm32f4xx_hal_msp.o(.text.HAL_MspInit)
    [Anonymous Symbol]                       0x08000b4c   Section        0  stm32f4xx_hal_cortex.o(.text.HAL_NVIC_EnableIRQ)
    [Anonymous Symbol]                       0x08000b6c   Section        0  stm32f4xx_hal_cortex.o(.text.HAL_NVIC_SetPriority)
    [Anonymous Symbol]                       0x08000bc4   Section        0  stm32f4xx_hal_cortex.o(.text.HAL_NVIC_SetPriorityGrouping)
    [Anonymous Symbol]                       0x08000be4   Section        0  stm32f4xx_hal_rcc.o(.text.HAL_RCC_ClockConfig)
    [Anonymous Symbol]                       0x08000d44   Section        0  stm32f4xx_hal_rcc.o(.text.HAL_RCC_GetPCLK1Freq)
    [Anonymous Symbol]                       0x08000d6c   Section        0  stm32f4xx_hal_rcc.o(.text.HAL_RCC_GetPCLK2Freq)
    [Anonymous Symbol]                       0x08000d94   Section        0  stm32f4xx_hal_rcc.o(.text.HAL_RCC_GetSysClockFreq)
    [Anonymous Symbol]                       0x08000e00   Section        0  stm32f4xx_hal_rcc.o(.text.HAL_RCC_OscConfig)
    [Anonymous Symbol]                       0x08001178   Section        0  stm32f4xx_hal_cortex.o(.text.HAL_SYSTICK_Config)
    [Anonymous Symbol]                       0x080011a4   Section        0  stm32f4xx_hal_tim_ex.o(.text.HAL_TIMEx_BreakCallback)
    [Anonymous Symbol]                       0x080011a8   Section        0  stm32f4xx_hal_tim_ex.o(.text.HAL_TIMEx_CommutCallback)
    [Anonymous Symbol]                       0x080011ac   Section        0  stm32f4xx_hal_tim_ex.o(.text.HAL_TIMEx_MasterConfigSynchronization)
    [Anonymous Symbol]                       0x08001264   Section        0  stm32f4xx_hal_tim.o(.text.HAL_TIM_Base_Init)
    [Anonymous Symbol]                       0x080012c0   Section        0  tim.o(.text.HAL_TIM_Base_MspInit)
    [Anonymous Symbol]                       0x0800138c   Section        0  stm32f4xx_hal_tim.o(.text.HAL_TIM_Base_Start_IT)
    [Anonymous Symbol]                       0x08001438   Section        0  stm32f4xx_hal_tim.o(.text.HAL_TIM_ConfigClockSource)
    [Anonymous Symbol]                       0x080015d4   Section        0  stm32f4xx_hal_tim.o(.text.HAL_TIM_Encoder_Init)
    [Anonymous Symbol]                       0x08001688   Section        0  tim.o(.text.HAL_TIM_Encoder_MspInit)
    [Anonymous Symbol]                       0x08001768   Section        0  stm32f4xx_hal_tim.o(.text.HAL_TIM_Encoder_Start)
    [Anonymous Symbol]                       0x08001824   Section        0  stm32f4xx_hal_tim.o(.text.HAL_TIM_IC_CaptureCallback)
    [Anonymous Symbol]                       0x08001828   Section        0  stm32f4xx_hal_tim.o(.text.HAL_TIM_IRQHandler)
    [Anonymous Symbol]                       0x08001998   Section        0  tim.o(.text.HAL_TIM_MspPostInit)
    [Anonymous Symbol]                       0x08001b18   Section        0  stm32f4xx_hal_tim.o(.text.HAL_TIM_OC_ConfigChannel)
    [Anonymous Symbol]                       0x08001cd0   Section        0  stm32f4xx_hal_tim.o(.text.HAL_TIM_OC_DelayElapsedCallback)
    [Anonymous Symbol]                       0x08001cd4   Section        0  stm32f4xx_hal_tim.o(.text.HAL_TIM_OC_Init)
    [Anonymous Symbol]                       0x08001d30   Section        0  stm32f4xx_hal_tim.o(.text.HAL_TIM_OC_MspInit)
    [Anonymous Symbol]                       0x08001d34   Section        0  stm32f4xx_hal_tim.o(.text.HAL_TIM_PWM_ConfigChannel)
    [Anonymous Symbol]                       0x08001f58   Section        0  stm32f4xx_hal_tim.o(.text.HAL_TIM_PWM_Init)
    [Anonymous Symbol]                       0x08001fb4   Section        0  tim.o(.text.HAL_TIM_PWM_MspInit)
    [Anonymous Symbol]                       0x08001fec   Section        0  stm32f4xx_hal_tim.o(.text.HAL_TIM_PWM_PulseFinishedCallback)
    [Anonymous Symbol]                       0x08001ff0   Section        0  stm32f4xx_hal_tim.o(.text.HAL_TIM_PWM_Start)
    [Anonymous Symbol]                       0x08002104   Section        0  stm32f4xx_hal_tim.o(.text.HAL_TIM_PeriodElapsedCallback)
    [Anonymous Symbol]                       0x08002108   Section        0  stm32f4xx_hal_tim.o(.text.HAL_TIM_TriggerCallback)
    [Anonymous Symbol]                       0x0800210c   Section        0  stm32f4xx_hal_uart.o(.text.HAL_UARTEx_RxEventCallback)
    [Anonymous Symbol]                       0x08002110   Section        0  stm32f4xx_hal_uart.o(.text.HAL_UART_ErrorCallback)
    [Anonymous Symbol]                       0x08002114   Section        0  stm32f4xx_hal_uart.o(.text.HAL_UART_IRQHandler)
    [Anonymous Symbol]                       0x0800266c   Section        0  stm32f4xx_hal_uart.o(.text.HAL_UART_Init)
    [Anonymous Symbol]                       0x080026cc   Section        0  usart.o(.text.HAL_UART_MspInit)
    [Anonymous Symbol]                       0x080027c8   Section        0  stm32f4xx_hal_uart.o(.text.HAL_UART_RxCpltCallback)
    [Anonymous Symbol]                       0x080027cc   Section        0  stm32f4xx_hal_uart.o(.text.HAL_UART_TxCpltCallback)
    [Anonymous Symbol]                       0x080027d0   Section        0  stm32f4xx_it.o(.text.HardFault_Handler)
    [Anonymous Symbol]                       0x080027d4   Section        0  duoji.o(.text.MG90S_Rotate_down1)
    [Anonymous Symbol]                       0x080027e8   Section        0  duoji.o(.text.MG90S_Rotate_down2)
    [Anonymous Symbol]                       0x080027fc   Section        0  duoji.o(.text.MG90S_Rotate_down3)
    [Anonymous Symbol]                       0x08002810   Section        0  duoji.o(.text.MG90S_Rotate_down4)
    [Anonymous Symbol]                       0x08002824   Section        0  duoji.o(.text.MG90S_Rotate_down5)
    [Anonymous Symbol]                       0x08002838   Section        0  duoji.o(.text.MG90S_Rotate_up1)
    [Anonymous Symbol]                       0x0800284c   Section        0  duoji.o(.text.MG90S_Rotate_up2)
    [Anonymous Symbol]                       0x08002860   Section        0  duoji.o(.text.MG90S_Rotate_up3)
    [Anonymous Symbol]                       0x08002874   Section        0  duoji.o(.text.MG90S_Rotate_up4)
    [Anonymous Symbol]                       0x08002888   Section        0  duoji.o(.text.MG90S_Rotate_up5)
    [Anonymous Symbol]                       0x0800289c   Section        0  dma.o(.text.MX_DMA_Init)
    [Anonymous Symbol]                       0x080028e4   Section        0  gpio.o(.text.MX_GPIO_Init)
    [Anonymous Symbol]                       0x08002a78   Section        0  tim.o(.text.MX_TIM1_Init)
    [Anonymous Symbol]                       0x08002ae4   Section        0  tim.o(.text.MX_TIM2_Init)
    [Anonymous Symbol]                       0x08002c0c   Section        0  tim.o(.text.MX_TIM3_Init)
    [Anonymous Symbol]                       0x08002c74   Section        0  tim.o(.text.MX_TIM4_Init)
    [Anonymous Symbol]                       0x08002d88   Section        0  tim.o(.text.MX_TIM5_Init)
    [Anonymous Symbol]                       0x08002e54   Section        0  tim.o(.text.MX_TIM6_Init)
    [Anonymous Symbol]                       0x08002ea8   Section        0  tim.o(.text.MX_TIM9_Init)
    [Anonymous Symbol]                       0x08002f2c   Section        0  usart.o(.text.MX_USART6_UART_Init)
    [Anonymous Symbol]                       0x08002f68   Section        0  stm32f4xx_it.o(.text.MemManage_Handler)
    [Anonymous Symbol]                       0x08002f6c   Section        0  stm32f4xx_it.o(.text.NMI_Handler)
    [Anonymous Symbol]                       0x08002f70   Section        0  pid.o(.text.PID_calc)
    [Anonymous Symbol]                       0x080030cc   Section        0  pid.o(.text.PID_clear)
    [Anonymous Symbol]                       0x080030e4   Section        0  pid.o(.text.PID_init)
    [Anonymous Symbol]                       0x08003118   Section        0  stm32f4xx_it.o(.text.PendSV_Handler)
    [Anonymous Symbol]                       0x0800311c   Section        0  stm32f4xx_it.o(.text.SVC_Handler)
    [Anonymous Symbol]                       0x08003120   Section        0  stm32f4xx_it.o(.text.SysTick_Handler)
    [Anonymous Symbol]                       0x08003124   Section        0  main.o(.text.SystemClock_Config)
    [Anonymous Symbol]                       0x080031d0   Section        0  system_stm32f4xx.o(.text.SystemInit)
    [Anonymous Symbol]                       0x080031e4   Section        0  stm32f4xx_it.o(.text.TIM3_IRQHandler)
    [Anonymous Symbol]                       0x080031f0   Section        0  stm32f4xx_it.o(.text.TIM5_IRQHandler)
    [Anonymous Symbol]                       0x080031fc   Section        0  stm32f4xx_it.o(.text.TIM6_DAC_IRQHandler)
    [Anonymous Symbol]                       0x08003208   Section        0  stm32f4xx_hal_tim.o(.text.TIM_Base_SetConfig)
    [Anonymous Symbol]                       0x08003344   Section        0  track.o(.text.Tracking)
    [Anonymous Symbol]                       0x08003540   Section        0  track.o(.text.Tracking2)
    [Anonymous Symbol]                       0x08003634   Section        0  track.o(.text.Tracking3)
    [Anonymous Symbol]                       0x08003830   Section        0  track.o(.text.Tracking5)
    [Anonymous Symbol]                       0x08003a28   Section        0  track.o(.text.Tracking6)
    [Anonymous Symbol]                       0x08003c48   Section        0  track.o(.text.Tracking7)
    [Anonymous Symbol]                       0x08003d6c   Section        0  track.o(.text.Tracking_Init)
    [Anonymous Symbol]                       0x08003dc4   Section        0  track.o(.text.Trackinghou)
    [Anonymous Symbol]                       0x08004008   Section        0  track.o(.text.Trackinghou2)
    [Anonymous Symbol]                       0x08004220   Section        0  track.o(.text.Trackinghou3)
    UART_DMAAbortOnError                     0x0800443d   Thumb Code    12  stm32f4xx_hal_uart.o(.text.UART_DMAAbortOnError)
    [Anonymous Symbol]                       0x0800443c   Section        0  stm32f4xx_hal_uart.o(.text.UART_DMAAbortOnError)
    UART_Receive_IT                          0x08004449   Thumb Code   254  stm32f4xx_hal_uart.o(.text.UART_Receive_IT)
    [Anonymous Symbol]                       0x08004448   Section        0  stm32f4xx_hal_uart.o(.text.UART_Receive_IT)
    UART_SetConfig                           0x08004549   Thumb Code   226  stm32f4xx_hal_uart.o(.text.UART_SetConfig)
    [Anonymous Symbol]                       0x08004548   Section        0  stm32f4xx_hal_uart.o(.text.UART_SetConfig)
    [Anonymous Symbol]                       0x0800462c   Section        0  stm32f4xx_it.o(.text.USART6_IRQHandler)
    [Anonymous Symbol]                       0x08004638   Section        0  stm32f4xx_it.o(.text.UsageFault_Handler)
    [Anonymous Symbol]                       0x0800463c   Section        0  motor.o(.text.car_go_after)
    [Anonymous Symbol]                       0x08004674   Section        0  motor.o(.text.car_go_stop)
    [Anonymous Symbol]                       0x080046ac   Section        0  motor.o(.text.car_go_straight)
    [Anonymous Symbol]                       0x080046e4   Section        0  main.o(.text.main)
    [Anonymous Symbol]                       0x080050d4   Section        0  tsc2300.o(.text.rgb)
    [Anonymous Symbol]                       0x080053d4   Section        0  tsc2300.o(.text.tcs2300)
    [Anonymous Symbol]                       0x08005418   Section        0  tsc2300.o(.text.tcs2300_turn)
    [Anonymous Symbol]                       0x08005440   Section        0  motor.o(.text.turn_left)
    [Anonymous Symbol]                       0x08005478   Section        0  motor.o(.text.turn_right)
    [Anonymous Symbol]                       0x080054b0   Section        0  tsc2300.o(.text.whitebalance)
    [Anonymous Symbol]                       0x08005558   Section        0  track.o(.text.youzhuan1)
    [Anonymous Symbol]                       0x08005684   Section        0  track.o(.text.youzhuan1_3)
    [Anonymous Symbol]                       0x080057b0   Section        0  track.o(.text.youzhuan2)
    [Anonymous Symbol]                       0x080058dc   Section        0  track.o(.text.youzhuan2_3)
    [Anonymous Symbol]                       0x08005a0c   Section        0  track.o(.text.zuozhuan1)
    [Anonymous Symbol]                       0x08005b38   Section        0  track.o(.text.zuozhuan1_3)
    [Anonymous Symbol]                       0x08005c64   Section        0  track.o(.text.zuozhuan2)
    [Anonymous Symbol]                       0x08005d90   Section        0  track.o(.text.zuozhuan2_3)
    [Anonymous Symbol]                       0x08005ebc   Section        0  track.o(.text.zuozhuan3)
    $v0                                      0x08005fe6   Number         0  fpinit.o(x$fpl$fpinit)
    x$fpl$fpinit                             0x08005fe6   Section       26  fpinit.o(x$fpl$fpinit)
    DMA_CalcBaseAndBitshift.flagBitshiftOffset 0x08006018   Data           8  stm32f4xx_hal_dma.o(.rodata.cst8)
    [Anonymous Symbol]                       0x08006018   Section        0  stm32f4xx_hal_dma.o(.rodata.cst8)
    motor_speed1_pid                         0x08006020   Data          12  track.o(.rodata.motor_speed1_pid)
    [Anonymous Symbol]                       0x08006020   Section        0  track.o(.rodata.motor_speed1_pid)
    motor_speed2_pid                         0x0800602c   Data          12  track.o(.rodata.motor_speed2_pid)
    [Anonymous Symbol]                       0x0800602c   Section        0  track.o(.rodata.motor_speed2_pid)
    .L_MergedGlobals                         0x20000000   Data           6  tsc2300.o(.data..L_MergedGlobals)
    [Anonymous Symbol]                       0x20000000   Section        0  tsc2300.o(.data..L_MergedGlobals)
    .L_MergedGlobals                         0x20000008   Data           8  stm32f4xx_hal.o(.data..L_MergedGlobals)
    [Anonymous Symbol]                       0x20000008   Section        0  stm32f4xx_hal.o(.data..L_MergedGlobals)
    .bss                                     0x20000018   Section       96  libspace.o(.bss)
    .L_MergedGlobals                         0x20000078   Data          84  track.o(.bss..L_MergedGlobals)
    [Anonymous Symbol]                       0x20000078   Section        0  track.o(.bss..L_MergedGlobals)
    .L_MergedGlobals.1                       0x200000cc   Data          20  tsc2300.o(.bss..L_MergedGlobals.1)
    [Anonymous Symbol]                       0x200000cc   Section        0  tsc2300.o(.bss..L_MergedGlobals.1)
    Heap_Mem                                 0x20000478   Data         512  startup_stm32f407xx.o(HEAP)
    HEAP                                     0x20000478   Section      512  startup_stm32f407xx.o(HEAP)
    Stack_Mem                                0x20000678   Data        1024  startup_stm32f407xx.o(STACK)
    STACK                                    0x20000678   Section     1024  startup_stm32f407xx.o(STACK)
    __initial_sp                             0x20000a78   Data           0  startup_stm32f407xx.o(STACK)

    Global Symbols

    Symbol Name                              Value     Ov Type        Size  Object(Section)

    BuildAttributes$$THM_ISAv4$E$P$D$K$B$S$7EM$VFPi3$EXTD16$VFPS$VFMA$PE$A:L22UL41UL21$X:L11$S22US41US21$IEEE1$IW$~IW$USESV6$~STKCKD$USESV7$~SHL$OTIME$ROPI$EBA8$UX$STANDARDLIB$REQ8$PRES8$EABIv2 0x00000000   Number         0  anon$$obj.o ABSOLUTE
    __ARM_exceptions_init                     - Undefined Weak Reference
    __alloca_initialize                       - Undefined Weak Reference
    __arm_preinit_                            - Undefined Weak Reference
    __arm_relocate_pie_                       - Undefined Weak Reference
    __cpp_initialize__aeabi_                  - Undefined Weak Reference
    __cxa_finalize                            - Undefined Weak Reference
    __rt_locale                               - Undefined Weak Reference
    __sigvec_lookup                           - Undefined Weak Reference
    _atexit_init                              - Undefined Weak Reference
    _call_atexit_fns                          - Undefined Weak Reference
    _clock_init                               - Undefined Weak Reference
    _fp_trap_init                             - Undefined Weak Reference
    _fp_trap_shutdown                         - Undefined Weak Reference
    _get_lc_collate                           - Undefined Weak Reference
    _get_lc_ctype                             - Undefined Weak Reference
    _get_lc_monetary                          - Undefined Weak Reference
    _get_lc_numeric                           - Undefined Weak Reference
    _get_lc_time                              - Undefined Weak Reference
    _getenv_init                              - Undefined Weak Reference
    _handle_redirection                       - Undefined Weak Reference
    _init_alloc                               - Undefined Weak Reference
    _init_user_alloc                          - Undefined Weak Reference
    _initio                                   - Undefined Weak Reference
    _rand_init                                - Undefined Weak Reference
    _signal_finish                            - Undefined Weak Reference
    _signal_init                              - Undefined Weak Reference
    _terminate_alloc                          - Undefined Weak Reference
    _terminate_user_alloc                     - Undefined Weak Reference
    _terminateio                              - Undefined Weak Reference
    __Vectors_Size                           0x00000188   Number         0  startup_stm32f407xx.o ABSOLUTE
    __Vectors                                0x08000000   Data           4  startup_stm32f407xx.o(RESET)
    __Vectors_End                            0x08000188   Data           0  startup_stm32f407xx.o(RESET)
    __main                                   0x08000189   Thumb Code     8  __main.o(!!!main)
    __scatterload                            0x08000191   Thumb Code     0  __scatter.o(!!!scatter)
    __scatterload_rt2                        0x08000191   Thumb Code    44  __scatter.o(!!!scatter)
    __scatterload_rt2_thumb_only             0x08000191   Thumb Code     0  __scatter.o(!!!scatter)
    __scatterload_null                       0x0800019f   Thumb Code     0  __scatter.o(!!!scatter)
    __scatterload_copy                       0x080001c5   Thumb Code    26  __scatter_copy.o(!!handler_copy)
    __scatterload_zeroinit                   0x080001e1   Thumb Code    28  __scatter_zi.o(!!handler_zi)
    __rt_lib_init                            0x080001fd   Thumb Code     0  libinit.o(.ARM.Collect$$libinit$$00000000)
    __rt_lib_init_fp_1                       0x080001ff   Thumb Code     0  libinit2.o(.ARM.Collect$$libinit$$00000001)
    __rt_lib_init_alloca_1                   0x08000203   Thumb Code     0  libinit2.o(.ARM.Collect$$libinit$$00000030)
    __rt_lib_init_argv_1                     0x08000203   Thumb Code     0  libinit2.o(.ARM.Collect$$libinit$$0000002E)
    __rt_lib_init_atexit_1                   0x08000203   Thumb Code     0  libinit2.o(.ARM.Collect$$libinit$$0000001D)
    __rt_lib_init_clock_1                    0x08000203   Thumb Code     0  libinit2.o(.ARM.Collect$$libinit$$00000023)
    __rt_lib_init_cpp_1                      0x08000203   Thumb Code     0  libinit2.o(.ARM.Collect$$libinit$$00000034)
    __rt_lib_init_exceptions_1               0x08000203   Thumb Code     0  libinit2.o(.ARM.Collect$$libinit$$00000032)
    __rt_lib_init_fp_trap_1                  0x08000203   Thumb Code     0  libinit2.o(.ARM.Collect$$libinit$$00000021)
    __rt_lib_init_getenv_1                   0x08000203   Thumb Code     0  libinit2.o(.ARM.Collect$$libinit$$00000025)
    __rt_lib_init_heap_1                     0x08000203   Thumb Code     0  libinit2.o(.ARM.Collect$$libinit$$0000000C)
    __rt_lib_init_lc_collate_1               0x08000203   Thumb Code     0  libinit2.o(.ARM.Collect$$libinit$$00000013)
    __rt_lib_init_lc_ctype_1                 0x08000203   Thumb Code     0  libinit2.o(.ARM.Collect$$libinit$$00000015)
    __rt_lib_init_lc_monetary_1              0x08000203   Thumb Code     0  libinit2.o(.ARM.Collect$$libinit$$00000017)
    __rt_lib_init_lc_numeric_1               0x08000203   Thumb Code     0  libinit2.o(.ARM.Collect$$libinit$$00000019)
    __rt_lib_init_lc_time_1                  0x08000203   Thumb Code     0  libinit2.o(.ARM.Collect$$libinit$$0000001B)
    __rt_lib_init_preinit_1                  0x08000203   Thumb Code     0  libinit2.o(.ARM.Collect$$libinit$$00000006)
    __rt_lib_init_rand_1                     0x08000203   Thumb Code     0  libinit2.o(.ARM.Collect$$libinit$$00000010)
    __rt_lib_init_relocate_pie_1             0x08000203   Thumb Code     0  libinit2.o(.ARM.Collect$$libinit$$00000004)
    __rt_lib_init_return                     0x08000203   Thumb Code     0  libinit2.o(.ARM.Collect$$libinit$$00000035)
    __rt_lib_init_signal_1                   0x08000203   Thumb Code     0  libinit2.o(.ARM.Collect$$libinit$$0000001F)
    __rt_lib_init_stdio_1                    0x08000203   Thumb Code     0  libinit2.o(.ARM.Collect$$libinit$$00000027)
    __rt_lib_init_user_alloc_1               0x08000203   Thumb Code     0  libinit2.o(.ARM.Collect$$libinit$$0000000E)
    __rt_lib_shutdown                        0x08000205   Thumb Code     0  libshutdown.o(.ARM.Collect$$libshutdown$$00000000)
    __rt_lib_shutdown_cpp_1                  0x08000207   Thumb Code     0  libshutdown2.o(.ARM.Collect$$libshutdown$$00000002)
    __rt_lib_shutdown_fp_trap_1              0x08000207   Thumb Code     0  libshutdown2.o(.ARM.Collect$$libshutdown$$00000007)
    __rt_lib_shutdown_heap_1                 0x08000207   Thumb Code     0  libshutdown2.o(.ARM.Collect$$libshutdown$$0000000F)
    __rt_lib_shutdown_return                 0x08000207   Thumb Code     0  libshutdown2.o(.ARM.Collect$$libshutdown$$00000010)
    __rt_lib_shutdown_signal_1               0x08000207   Thumb Code     0  libshutdown2.o(.ARM.Collect$$libshutdown$$0000000A)
    __rt_lib_shutdown_stdio_1                0x08000207   Thumb Code     0  libshutdown2.o(.ARM.Collect$$libshutdown$$00000004)
    __rt_lib_shutdown_user_alloc_1           0x08000207   Thumb Code     0  libshutdown2.o(.ARM.Collect$$libshutdown$$0000000C)
    __rt_entry                               0x08000209   Thumb Code     0  __rtentry.o(.ARM.Collect$$rtentry$$00000000)
    __rt_entry_presh_1                       0x08000209   Thumb Code     0  __rtentry2.o(.ARM.Collect$$rtentry$$00000002)
    __rt_entry_sh                            0x08000209   Thumb Code     0  __rtentry4.o(.ARM.Collect$$rtentry$$00000004)
    __rt_entry_li                            0x0800020f   Thumb Code     0  __rtentry2.o(.ARM.Collect$$rtentry$$0000000A)
    __rt_entry_postsh_1                      0x0800020f   Thumb Code     0  __rtentry2.o(.ARM.Collect$$rtentry$$00000009)
    __rt_entry_main                          0x08000213   Thumb Code     0  __rtentry2.o(.ARM.Collect$$rtentry$$0000000D)
    __rt_entry_postli_1                      0x08000213   Thumb Code     0  __rtentry2.o(.ARM.Collect$$rtentry$$0000000C)
    __rt_exit                                0x0800021b   Thumb Code     0  rtexit.o(.ARM.Collect$$rtexit$$00000000)
    __rt_exit_ls                             0x0800021d   Thumb Code     0  rtexit2.o(.ARM.Collect$$rtexit$$00000003)
    __rt_exit_prels_1                        0x0800021d   Thumb Code     0  rtexit2.o(.ARM.Collect$$rtexit$$00000002)
    __rt_exit_exit                           0x08000221   Thumb Code     0  rtexit2.o(.ARM.Collect$$rtexit$$00000004)
    Reset_Handler                            0x08000229   Thumb Code     8  startup_stm32f407xx.o(.text)
    ADC_IRQHandler                           0x08000243   Thumb Code     0  startup_stm32f407xx.o(.text)
    CAN1_RX0_IRQHandler                      0x08000243   Thumb Code     0  startup_stm32f407xx.o(.text)
    CAN1_RX1_IRQHandler                      0x08000243   Thumb Code     0  startup_stm32f407xx.o(.text)
    CAN1_SCE_IRQHandler                      0x08000243   Thumb Code     0  startup_stm32f407xx.o(.text)
    CAN1_TX_IRQHandler                       0x08000243   Thumb Code     0  startup_stm32f407xx.o(.text)
    CAN2_RX0_IRQHandler                      0x08000243   Thumb Code     0  startup_stm32f407xx.o(.text)
    CAN2_RX1_IRQHandler                      0x08000243   Thumb Code     0  startup_stm32f407xx.o(.text)
    CAN2_SCE_IRQHandler                      0x08000243   Thumb Code     0  startup_stm32f407xx.o(.text)
    CAN2_TX_IRQHandler                       0x08000243   Thumb Code     0  startup_stm32f407xx.o(.text)
    DCMI_IRQHandler                          0x08000243   Thumb Code     0  startup_stm32f407xx.o(.text)
    DMA1_Stream0_IRQHandler                  0x08000243   Thumb Code     0  startup_stm32f407xx.o(.text)
    DMA1_Stream1_IRQHandler                  0x08000243   Thumb Code     0  startup_stm32f407xx.o(.text)
    DMA1_Stream2_IRQHandler                  0x08000243   Thumb Code     0  startup_stm32f407xx.o(.text)
    DMA1_Stream3_IRQHandler                  0x08000243   Thumb Code     0  startup_stm32f407xx.o(.text)
    DMA1_Stream4_IRQHandler                  0x08000243   Thumb Code     0  startup_stm32f407xx.o(.text)
    DMA1_Stream5_IRQHandler                  0x08000243   Thumb Code     0  startup_stm32f407xx.o(.text)
    DMA1_Stream6_IRQHandler                  0x08000243   Thumb Code     0  startup_stm32f407xx.o(.text)
    DMA1_Stream7_IRQHandler                  0x08000243   Thumb Code     0  startup_stm32f407xx.o(.text)
    DMA2_Stream0_IRQHandler                  0x08000243   Thumb Code     0  startup_stm32f407xx.o(.text)
    DMA2_Stream2_IRQHandler                  0x08000243   Thumb Code     0  startup_stm32f407xx.o(.text)
    DMA2_Stream3_IRQHandler                  0x08000243   Thumb Code     0  startup_stm32f407xx.o(.text)
    DMA2_Stream4_IRQHandler                  0x08000243   Thumb Code     0  startup_stm32f407xx.o(.text)
    DMA2_Stream5_IRQHandler                  0x08000243   Thumb Code     0  startup_stm32f407xx.o(.text)
    DMA2_Stream7_IRQHandler                  0x08000243   Thumb Code     0  startup_stm32f407xx.o(.text)
    ETH_IRQHandler                           0x08000243   Thumb Code     0  startup_stm32f407xx.o(.text)
    ETH_WKUP_IRQHandler                      0x08000243   Thumb Code     0  startup_stm32f407xx.o(.text)
    EXTI0_IRQHandler                         0x08000243   Thumb Code     0  startup_stm32f407xx.o(.text)
    EXTI15_10_IRQHandler                     0x08000243   Thumb Code     0  startup_stm32f407xx.o(.text)
    EXTI1_IRQHandler                         0x08000243   Thumb Code     0  startup_stm32f407xx.o(.text)
    EXTI2_IRQHandler                         0x08000243   Thumb Code     0  startup_stm32f407xx.o(.text)
    EXTI3_IRQHandler                         0x08000243   Thumb Code     0  startup_stm32f407xx.o(.text)
    EXTI9_5_IRQHandler                       0x08000243   Thumb Code     0  startup_stm32f407xx.o(.text)
    FLASH_IRQHandler                         0x08000243   Thumb Code     0  startup_stm32f407xx.o(.text)
    FMC_IRQHandler                           0x08000243   Thumb Code     0  startup_stm32f407xx.o(.text)
    FPU_IRQHandler                           0x08000243   Thumb Code     0  startup_stm32f407xx.o(.text)
    HASH_RNG_IRQHandler                      0x08000243   Thumb Code     0  startup_stm32f407xx.o(.text)
    I2C1_ER_IRQHandler                       0x08000243   Thumb Code     0  startup_stm32f407xx.o(.text)
    I2C1_EV_IRQHandler                       0x08000243   Thumb Code     0  startup_stm32f407xx.o(.text)
    I2C2_ER_IRQHandler                       0x08000243   Thumb Code     0  startup_stm32f407xx.o(.text)
    I2C2_EV_IRQHandler                       0x08000243   Thumb Code     0  startup_stm32f407xx.o(.text)
    I2C3_ER_IRQHandler                       0x08000243   Thumb Code     0  startup_stm32f407xx.o(.text)
    I2C3_EV_IRQHandler                       0x08000243   Thumb Code     0  startup_stm32f407xx.o(.text)
    OTG_FS_IRQHandler                        0x08000243   Thumb Code     0  startup_stm32f407xx.o(.text)
    OTG_FS_WKUP_IRQHandler                   0x08000243   Thumb Code     0  startup_stm32f407xx.o(.text)
    OTG_HS_EP1_IN_IRQHandler                 0x08000243   Thumb Code     0  startup_stm32f407xx.o(.text)
    OTG_HS_EP1_OUT_IRQHandler                0x08000243   Thumb Code     0  startup_stm32f407xx.o(.text)
    OTG_HS_IRQHandler                        0x08000243   Thumb Code     0  startup_stm32f407xx.o(.text)
    OTG_HS_WKUP_IRQHandler                   0x08000243   Thumb Code     0  startup_stm32f407xx.o(.text)
    PVD_IRQHandler                           0x08000243   Thumb Code     0  startup_stm32f407xx.o(.text)
    RCC_IRQHandler                           0x08000243   Thumb Code     0  startup_stm32f407xx.o(.text)
    RTC_Alarm_IRQHandler                     0x08000243   Thumb Code     0  startup_stm32f407xx.o(.text)
    RTC_WKUP_IRQHandler                      0x08000243   Thumb Code     0  startup_stm32f407xx.o(.text)
    SDIO_IRQHandler                          0x08000243   Thumb Code     0  startup_stm32f407xx.o(.text)
    SPI1_IRQHandler                          0x08000243   Thumb Code     0  startup_stm32f407xx.o(.text)
    SPI2_IRQHandler                          0x08000243   Thumb Code     0  startup_stm32f407xx.o(.text)
    SPI3_IRQHandler                          0x08000243   Thumb Code     0  startup_stm32f407xx.o(.text)
    TAMP_STAMP_IRQHandler                    0x08000243   Thumb Code     0  startup_stm32f407xx.o(.text)
    TIM1_BRK_TIM9_IRQHandler                 0x08000243   Thumb Code     0  startup_stm32f407xx.o(.text)
    TIM1_CC_IRQHandler                       0x08000243   Thumb Code     0  startup_stm32f407xx.o(.text)
    TIM1_TRG_COM_TIM11_IRQHandler            0x08000243   Thumb Code     0  startup_stm32f407xx.o(.text)
    TIM1_UP_TIM10_IRQHandler                 0x08000243   Thumb Code     0  startup_stm32f407xx.o(.text)
    TIM2_IRQHandler                          0x08000243   Thumb Code     0  startup_stm32f407xx.o(.text)
    TIM4_IRQHandler                          0x08000243   Thumb Code     0  startup_stm32f407xx.o(.text)
    TIM7_IRQHandler                          0x08000243   Thumb Code     0  startup_stm32f407xx.o(.text)
    TIM8_BRK_TIM12_IRQHandler                0x08000243   Thumb Code     0  startup_stm32f407xx.o(.text)
    TIM8_CC_IRQHandler                       0x08000243   Thumb Code     0  startup_stm32f407xx.o(.text)
    TIM8_TRG_COM_TIM14_IRQHandler            0x08000243   Thumb Code     0  startup_stm32f407xx.o(.text)
    TIM8_UP_TIM13_IRQHandler                 0x08000243   Thumb Code     0  startup_stm32f407xx.o(.text)
    UART4_IRQHandler                         0x08000243   Thumb Code     0  startup_stm32f407xx.o(.text)
    UART5_IRQHandler                         0x08000243   Thumb Code     0  startup_stm32f407xx.o(.text)
    USART1_IRQHandler                        0x08000243   Thumb Code     0  startup_stm32f407xx.o(.text)
    USART2_IRQHandler                        0x08000243   Thumb Code     0  startup_stm32f407xx.o(.text)
    USART3_IRQHandler                        0x08000243   Thumb Code     0  startup_stm32f407xx.o(.text)
    WWDG_IRQHandler                          0x08000243   Thumb Code     0  startup_stm32f407xx.o(.text)
    __user_initial_stackheap                 0x08000245   Thumb Code     0  startup_stm32f407xx.o(.text)
    __aeabi_uldivmod                         0x08000269   Thumb Code     0  lludivv7m.o(.text)
    _ll_udiv                                 0x08000269   Thumb Code   240  lludivv7m.o(.text)
    __aeabi_memclr4                          0x08000359   Thumb Code     0  rt_memclr_w.o(.text)
    __aeabi_memclr8                          0x08000359   Thumb Code     0  rt_memclr_w.o(.text)
    __rt_memclr_w                            0x08000359   Thumb Code     0  rt_memclr_w.o(.text)
    _memset_w                                0x0800035d   Thumb Code    74  rt_memclr_w.o(.text)
    __use_two_region_memory                  0x080003a7   Thumb Code     2  heapauxi.o(.text)
    __rt_heap_escrow$2region                 0x080003a9   Thumb Code     2  heapauxi.o(.text)
    __rt_heap_expand$2region                 0x080003ab   Thumb Code     2  heapauxi.o(.text)
    __user_setup_stackheap                   0x080003ad   Thumb Code    74  sys_stackheap_outer.o(.text)
    exit                                     0x080003f7   Thumb Code    18  exit.o(.text)
    __user_libspace                          0x08000409   Thumb Code     8  libspace.o(.text)
    __user_perproc_libspace                  0x08000409   Thumb Code     0  libspace.o(.text)
    __user_perthread_libspace                0x08000409   Thumb Code     0  libspace.o(.text)
    _sys_exit                                0x08000411   Thumb Code     8  sys_exit.o(.text)
    __I$use$semihosting                      0x0800041d   Thumb Code     0  use_no_semi.o(.text)
    __use_no_semihosting_swi                 0x0800041d   Thumb Code     2  use_no_semi.o(.text)
    __semihosting_library_function           0x0800041f   Thumb Code     0  indicate_semi.o(.text)
    BusFault_Handler                         0x08000421   Thumb Code     2  stm32f4xx_it.o(.text.BusFault_Handler)
    DISC_Rotate                              0x08000425   Thumb Code    14  duoji.o(.text.DISC_Rotate)
    DMA2_Stream1_IRQHandler                  0x08000435   Thumb Code    12  stm32f4xx_it.o(.text.DMA2_Stream1_IRQHandler)
    DMA2_Stream6_IRQHandler                  0x08000441   Thumb Code    12  stm32f4xx_it.o(.text.DMA2_Stream6_IRQHandler)
    DebugMon_Handler                         0x0800044d   Thumb Code     2  stm32f4xx_it.o(.text.DebugMon_Handler)
    EXTI4_IRQHandler                         0x08000451   Thumb Code     6  stm32f4xx_it.o(.text.EXTI4_IRQHandler)
    Error_Handler                            0x08000459   Thumb Code    10  main.o(.text.Error_Handler)
    HAL_DMA_Abort                            0x08000465   Thumb Code   146  stm32f4xx_hal_dma.o(.text.HAL_DMA_Abort)
    HAL_DMA_Abort_IT                         0x080004f9   Thumb Code    36  stm32f4xx_hal_dma.o(.text.HAL_DMA_Abort_IT)
    HAL_DMA_IRQHandler                       0x0800051d   Thumb Code   448  stm32f4xx_hal_dma.o(.text.HAL_DMA_IRQHandler)
    HAL_DMA_Init                             0x080006dd   Thumb Code   354  stm32f4xx_hal_dma.o(.text.HAL_DMA_Init)
    HAL_Delay                                0x08000841   Thumb Code    40  stm32f4xx_hal.o(.text.HAL_Delay)
    HAL_GPIO_EXTI_Callback                   0x08000869   Thumb Code    22  tsc2300.o(.text.HAL_GPIO_EXTI_Callback)
    HAL_GPIO_EXTI_IRQHandler                 0x08000881   Thumb Code    22  stm32f4xx_hal_gpio.o(.text.HAL_GPIO_EXTI_IRQHandler)
    HAL_GPIO_Init                            0x08000899   Thumb Code   442  stm32f4xx_hal_gpio.o(.text.HAL_GPIO_Init)
    HAL_GPIO_ReadPin                         0x08000a55   Thumb Code    10  stm32f4xx_hal_gpio.o(.text.HAL_GPIO_ReadPin)
    HAL_GPIO_WritePin                        0x08000a61   Thumb Code    10  stm32f4xx_hal_gpio.o(.text.HAL_GPIO_WritePin)
    HAL_GetTick                              0x08000a6d   Thumb Code    12  stm32f4xx_hal.o(.text.HAL_GetTick)
    HAL_IncTick                              0x08000a79   Thumb Code    26  stm32f4xx_hal.o(.text.HAL_IncTick)
    HAL_Init                                 0x08000a95   Thumb Code    54  stm32f4xx_hal.o(.text.HAL_Init)
    HAL_InitTick                             0x08000acd   Thumb Code    72  stm32f4xx_hal.o(.text.HAL_InitTick)
    HAL_MspInit                              0x08000b15   Thumb Code    56  stm32f4xx_hal_msp.o(.text.HAL_MspInit)
    HAL_NVIC_EnableIRQ                       0x08000b4d   Thumb Code    32  stm32f4xx_hal_cortex.o(.text.HAL_NVIC_EnableIRQ)
    HAL_NVIC_SetPriority                     0x08000b6d   Thumb Code    86  stm32f4xx_hal_cortex.o(.text.HAL_NVIC_SetPriority)
    HAL_NVIC_SetPriorityGrouping             0x08000bc5   Thumb Code    32  stm32f4xx_hal_cortex.o(.text.HAL_NVIC_SetPriorityGrouping)
    HAL_RCC_ClockConfig                      0x08000be5   Thumb Code   352  stm32f4xx_hal_rcc.o(.text.HAL_RCC_ClockConfig)
    HAL_RCC_GetPCLK1Freq                     0x08000d45   Thumb Code    38  stm32f4xx_hal_rcc.o(.text.HAL_RCC_GetPCLK1Freq)
    HAL_RCC_GetPCLK2Freq                     0x08000d6d   Thumb Code    38  stm32f4xx_hal_rcc.o(.text.HAL_RCC_GetPCLK2Freq)
    HAL_RCC_GetSysClockFreq                  0x08000d95   Thumb Code   108  stm32f4xx_hal_rcc.o(.text.HAL_RCC_GetSysClockFreq)
    HAL_RCC_OscConfig                        0x08000e01   Thumb Code   888  stm32f4xx_hal_rcc.o(.text.HAL_RCC_OscConfig)
    HAL_SYSTICK_Config                       0x08001179   Thumb Code    44  stm32f4xx_hal_cortex.o(.text.HAL_SYSTICK_Config)
    HAL_TIMEx_BreakCallback                  0x080011a5   Thumb Code     2  stm32f4xx_hal_tim_ex.o(.text.HAL_TIMEx_BreakCallback)
    HAL_TIMEx_CommutCallback                 0x080011a9   Thumb Code     2  stm32f4xx_hal_tim_ex.o(.text.HAL_TIMEx_CommutCallback)
    HAL_TIMEx_MasterConfigSynchronization    0x080011ad   Thumb Code   182  stm32f4xx_hal_tim_ex.o(.text.HAL_TIMEx_MasterConfigSynchronization)
    HAL_TIM_Base_Init                        0x08001265   Thumb Code    90  stm32f4xx_hal_tim.o(.text.HAL_TIM_Base_Init)
    HAL_TIM_Base_MspInit                     0x080012c1   Thumb Code   204  tim.o(.text.HAL_TIM_Base_MspInit)
    HAL_TIM_Base_Start_IT                    0x0800138d   Thumb Code   170  stm32f4xx_hal_tim.o(.text.HAL_TIM_Base_Start_IT)
    HAL_TIM_ConfigClockSource                0x08001439   Thumb Code   412  stm32f4xx_hal_tim.o(.text.HAL_TIM_ConfigClockSource)
    HAL_TIM_Encoder_Init                     0x080015d5   Thumb Code   178  stm32f4xx_hal_tim.o(.text.HAL_TIM_Encoder_Init)
    HAL_TIM_Encoder_MspInit                  0x08001689   Thumb Code   222  tim.o(.text.HAL_TIM_Encoder_MspInit)
    HAL_TIM_Encoder_Start                    0x08001769   Thumb Code   188  stm32f4xx_hal_tim.o(.text.HAL_TIM_Encoder_Start)
    HAL_TIM_IC_CaptureCallback               0x08001825   Thumb Code     2  stm32f4xx_hal_tim.o(.text.HAL_TIM_IC_CaptureCallback)
    HAL_TIM_IRQHandler                       0x08001829   Thumb Code   368  stm32f4xx_hal_tim.o(.text.HAL_TIM_IRQHandler)
    HAL_TIM_MspPostInit                      0x08001999   Thumb Code   382  tim.o(.text.HAL_TIM_MspPostInit)
    HAL_TIM_OC_ConfigChannel                 0x08001b19   Thumb Code   440  stm32f4xx_hal_tim.o(.text.HAL_TIM_OC_ConfigChannel)
    HAL_TIM_OC_DelayElapsedCallback          0x08001cd1   Thumb Code     2  stm32f4xx_hal_tim.o(.text.HAL_TIM_OC_DelayElapsedCallback)
    HAL_TIM_OC_Init                          0x08001cd5   Thumb Code    90  stm32f4xx_hal_tim.o(.text.HAL_TIM_OC_Init)
    HAL_TIM_OC_MspInit                       0x08001d31   Thumb Code     2  stm32f4xx_hal_tim.o(.text.HAL_TIM_OC_MspInit)
    HAL_TIM_PWM_ConfigChannel                0x08001d35   Thumb Code   546  stm32f4xx_hal_tim.o(.text.HAL_TIM_PWM_ConfigChannel)
    HAL_TIM_PWM_Init                         0x08001f59   Thumb Code    90  stm32f4xx_hal_tim.o(.text.HAL_TIM_PWM_Init)
    HAL_TIM_PWM_MspInit                      0x08001fb5   Thumb Code    54  tim.o(.text.HAL_TIM_PWM_MspInit)
    HAL_TIM_PWM_PulseFinishedCallback        0x08001fed   Thumb Code     2  stm32f4xx_hal_tim.o(.text.HAL_TIM_PWM_PulseFinishedCallback)
    HAL_TIM_PWM_Start                        0x08001ff1   Thumb Code   274  stm32f4xx_hal_tim.o(.text.HAL_TIM_PWM_Start)
    HAL_TIM_PeriodElapsedCallback            0x08002105   Thumb Code     2  stm32f4xx_hal_tim.o(.text.HAL_TIM_PeriodElapsedCallback)
    HAL_TIM_TriggerCallback                  0x08002109   Thumb Code     2  stm32f4xx_hal_tim.o(.text.HAL_TIM_TriggerCallback)
    HAL_UARTEx_RxEventCallback               0x0800210d   Thumb Code     2  stm32f4xx_hal_uart.o(.text.HAL_UARTEx_RxEventCallback)
    HAL_UART_ErrorCallback                   0x08002111   Thumb Code     2  stm32f4xx_hal_uart.o(.text.HAL_UART_ErrorCallback)
    HAL_UART_IRQHandler                      0x08002115   Thumb Code  1368  stm32f4xx_hal_uart.o(.text.HAL_UART_IRQHandler)
    HAL_UART_Init                            0x0800266d   Thumb Code    94  stm32f4xx_hal_uart.o(.text.HAL_UART_Init)
    HAL_UART_MspInit                         0x080026cd   Thumb Code   252  usart.o(.text.HAL_UART_MspInit)
    HAL_UART_RxCpltCallback                  0x080027c9   Thumb Code     2  stm32f4xx_hal_uart.o(.text.HAL_UART_RxCpltCallback)
    HAL_UART_TxCpltCallback                  0x080027cd   Thumb Code     2  stm32f4xx_hal_uart.o(.text.HAL_UART_TxCpltCallback)
    HardFault_Handler                        0x080027d1   Thumb Code     2  stm32f4xx_it.o(.text.HardFault_Handler)
    MG90S_Rotate_down1                       0x080027d5   Thumb Code    18  duoji.o(.text.MG90S_Rotate_down1)
    MG90S_Rotate_down2                       0x080027e9   Thumb Code    18  duoji.o(.text.MG90S_Rotate_down2)
    MG90S_Rotate_down3                       0x080027fd   Thumb Code    18  duoji.o(.text.MG90S_Rotate_down3)
    MG90S_Rotate_down4                       0x08002811   Thumb Code    18  duoji.o(.text.MG90S_Rotate_down4)
    MG90S_Rotate_down5                       0x08002825   Thumb Code    18  duoji.o(.text.MG90S_Rotate_down5)
    MG90S_Rotate_up1                         0x08002839   Thumb Code    18  duoji.o(.text.MG90S_Rotate_up1)
    MG90S_Rotate_up2                         0x0800284d   Thumb Code    18  duoji.o(.text.MG90S_Rotate_up2)
    MG90S_Rotate_up3                         0x08002861   Thumb Code    18  duoji.o(.text.MG90S_Rotate_up3)
    MG90S_Rotate_up4                         0x08002875   Thumb Code    18  duoji.o(.text.MG90S_Rotate_up4)
    MG90S_Rotate_up5                         0x08002889   Thumb Code    18  duoji.o(.text.MG90S_Rotate_up5)
    MX_DMA_Init                              0x0800289d   Thumb Code    72  dma.o(.text.MX_DMA_Init)
    MX_GPIO_Init                             0x080028e5   Thumb Code   404  gpio.o(.text.MX_GPIO_Init)
    MX_TIM1_Init                             0x08002a79   Thumb Code   108  tim.o(.text.MX_TIM1_Init)
    MX_TIM2_Init                             0x08002ae5   Thumb Code   294  tim.o(.text.MX_TIM2_Init)
    MX_TIM3_Init                             0x08002c0d   Thumb Code   104  tim.o(.text.MX_TIM3_Init)
    MX_TIM4_Init                             0x08002c75   Thumb Code   274  tim.o(.text.MX_TIM4_Init)
    MX_TIM5_Init                             0x08002d89   Thumb Code   204  tim.o(.text.MX_TIM5_Init)
    MX_TIM6_Init                             0x08002e55   Thumb Code    82  tim.o(.text.MX_TIM6_Init)
    MX_TIM9_Init                             0x08002ea9   Thumb Code   132  tim.o(.text.MX_TIM9_Init)
    MX_USART6_UART_Init                      0x08002f2d   Thumb Code    60  usart.o(.text.MX_USART6_UART_Init)
    MemManage_Handler                        0x08002f69   Thumb Code     2  stm32f4xx_it.o(.text.MemManage_Handler)
    NMI_Handler                              0x08002f6d   Thumb Code     2  stm32f4xx_it.o(.text.NMI_Handler)
    PID_calc                                 0x08002f71   Thumb Code   348  pid.o(.text.PID_calc)
    PID_clear                                0x080030cd   Thumb Code    22  pid.o(.text.PID_clear)
    PID_init                                 0x080030e5   Thumb Code    50  pid.o(.text.PID_init)
    PendSV_Handler                           0x08003119   Thumb Code     2  stm32f4xx_it.o(.text.PendSV_Handler)
    SVC_Handler                              0x0800311d   Thumb Code     2  stm32f4xx_it.o(.text.SVC_Handler)
    SysTick_Handler                          0x08003121   Thumb Code     4  stm32f4xx_it.o(.text.SysTick_Handler)
    SystemClock_Config                       0x08003125   Thumb Code   172  main.o(.text.SystemClock_Config)
    SystemInit                               0x080031d1   Thumb Code    18  system_stm32f4xx.o(.text.SystemInit)
    TIM3_IRQHandler                          0x080031e5   Thumb Code    12  stm32f4xx_it.o(.text.TIM3_IRQHandler)
    TIM5_IRQHandler                          0x080031f1   Thumb Code    12  stm32f4xx_it.o(.text.TIM5_IRQHandler)
    TIM6_DAC_IRQHandler                      0x080031fd   Thumb Code    12  stm32f4xx_it.o(.text.TIM6_DAC_IRQHandler)
    TIM_Base_SetConfig                       0x08003209   Thumb Code   316  stm32f4xx_hal_tim.o(.text.TIM_Base_SetConfig)
    Tracking                                 0x08003345   Thumb Code   506  track.o(.text.Tracking)
    Tracking2                                0x08003541   Thumb Code   242  track.o(.text.Tracking2)
    Tracking3                                0x08003635   Thumb Code   508  track.o(.text.Tracking3)
    Tracking5                                0x08003831   Thumb Code   502  track.o(.text.Tracking5)
    Tracking6                                0x08003a29   Thumb Code   544  track.o(.text.Tracking6)
    Tracking7                                0x08003c49   Thumb Code   290  track.o(.text.Tracking7)
    Tracking_Init                            0x08003d6d   Thumb Code    88  track.o(.text.Tracking_Init)
    Trackinghou                              0x08003dc5   Thumb Code   580  track.o(.text.Trackinghou)
    Trackinghou2                             0x08004009   Thumb Code   536  track.o(.text.Trackinghou2)
    Trackinghou3                             0x08004221   Thumb Code   540  track.o(.text.Trackinghou3)
    USART6_IRQHandler                        0x0800462d   Thumb Code    12  stm32f4xx_it.o(.text.USART6_IRQHandler)
    UsageFault_Handler                       0x08004639   Thumb Code     2  stm32f4xx_it.o(.text.UsageFault_Handler)
    car_go_after                             0x0800463d   Thumb Code    56  motor.o(.text.car_go_after)
    car_go_stop                              0x08004675   Thumb Code    56  motor.o(.text.car_go_stop)
    car_go_straight                          0x080046ad   Thumb Code    56  motor.o(.text.car_go_straight)
    main                                     0x080046e5   Thumb Code  2542  main.o(.text.main)
    rgb                                      0x080050d5   Thumb Code   768  tsc2300.o(.text.rgb)
    tcs2300                                  0x080053d5   Thumb Code    68  tsc2300.o(.text.tcs2300)
    tcs2300_turn                             0x08005419   Thumb Code    38  tsc2300.o(.text.tcs2300_turn)
    turn_left                                0x08005441   Thumb Code    56  motor.o(.text.turn_left)
    turn_right                               0x08005479   Thumb Code    56  motor.o(.text.turn_right)
    whitebalance                             0x080054b1   Thumb Code   168  tsc2300.o(.text.whitebalance)
    youzhuan1                                0x08005559   Thumb Code   298  track.o(.text.youzhuan1)
    youzhuan1_3                              0x08005685   Thumb Code   298  track.o(.text.youzhuan1_3)
    youzhuan2                                0x080057b1   Thumb Code   298  track.o(.text.youzhuan2)
    youzhuan2_3                              0x080058dd   Thumb Code   304  track.o(.text.youzhuan2_3)
    zuozhuan1                                0x08005a0d   Thumb Code   298  track.o(.text.zuozhuan1)
    zuozhuan1_3                              0x08005b39   Thumb Code   298  track.o(.text.zuozhuan1_3)
    zuozhuan2                                0x08005c65   Thumb Code   298  track.o(.text.zuozhuan2)
    zuozhuan2_3                              0x08005d91   Thumb Code   298  track.o(.text.zuozhuan2_3)
    zuozhuan3                                0x08005ebd   Thumb Code   298  track.o(.text.zuozhuan3)
    _fp_init                                 0x08005fe7   Thumb Code    26  fpinit.o(x$fpl$fpinit)
    __fplib_config_fpu_vfp                   0x08005fff   Thumb Code     0  fpinit.o(x$fpl$fpinit)
    __fplib_config_pureend_doubles           0x08005fff   Thumb Code     0  fpinit.o(x$fpl$fpinit)
    AHBPrescTable                            0x08006000   Data          16  system_stm32f4xx.o(.rodata.AHBPrescTable)
    APBPrescTable                            0x08006010   Data           8  system_stm32f4xx.o(.rodata.APBPrescTable)
    Region$$Table$$Base                      0x08006038   Number         0  anon$$obj.o(Region$$Table)
    Region$$Table$$Limit                     0x08006058   Number         0  anon$$obj.o(Region$$Table)
    r_t                                      0x20000000   Data           2  tsc2300.o(.data..L_MergedGlobals)
    g_t                                      0x20000002   Data           2  tsc2300.o(.data..L_MergedGlobals)
    b_t                                      0x20000004   Data           2  tsc2300.o(.data..L_MergedGlobals)
    uwTickFreq                               0x20000008   Data           1  stm32f4xx_hal.o(.data..L_MergedGlobals)
    uwTickPrio                               0x2000000c   Data           4  stm32f4xx_hal.o(.data..L_MergedGlobals)
    SystemCoreClock                          0x20000010   Data           4  system_stm32f4xx.o(.data.SystemCoreClock)
    __libspace_start                         0x20000018   Data          96  libspace.o(.bss)
    __temporary_stack_top$libspace           0x20000078   Data           0  libspace.o(.bss)
    speed                                    0x20000078   Data           2  track.o(.bss..L_MergedGlobals)
    speed1                                   0x2000007a   Data           2  track.o(.bss..L_MergedGlobals)
    speed2                                   0x2000007c   Data           2  track.o(.bss..L_MergedGlobals)
    feedback_1                               0x2000007e   Data           2  track.o(.bss..L_MergedGlobals)
    feedback_2                               0x20000080   Data           2  track.o(.bss..L_MergedGlobals)
    you_set_speed_1                          0x20000082   Data           2  track.o(.bss..L_MergedGlobals)
    zuo_set_speed_2                          0x20000084   Data           2  track.o(.bss..L_MergedGlobals)
    flag_                                    0x20000088   Data           4  track.o(.bss..L_MergedGlobals)
    angle1                                   0x2000008c   Data           4  track.o(.bss..L_MergedGlobals)
    angle2                                   0x20000090   Data           4  track.o(.bss..L_MergedGlobals)
    flag                                     0x20000094   Data          56  track.o(.bss..L_MergedGlobals)
    amount                                   0x200000cc   Data           2  tsc2300.o(.bss..L_MergedGlobals.1)
    Rgena                                    0x200000ce   Data           2  tsc2300.o(.bss..L_MergedGlobals.1)
    Ggena                                    0x200000d0   Data           2  tsc2300.o(.bss..L_MergedGlobals.1)
    Bgena                                    0x200000d2   Data           2  tsc2300.o(.bss..L_MergedGlobals.1)
    Ramount                                  0x200000d4   Data           2  tsc2300.o(.bss..L_MergedGlobals.1)
    Gamount                                  0x200000d6   Data           2  tsc2300.o(.bss..L_MergedGlobals.1)
    Bamount                                  0x200000d8   Data           2  tsc2300.o(.bss..L_MergedGlobals.1)
    x                                        0x200000da   Data           6  tsc2300.o(.bss..L_MergedGlobals.1)
    color                                    0x200000e0   Data           4  main.o(.bss.color)
    hdma_usart6_rx                           0x200000e4   Data          96  usart.o(.bss.hdma_usart6_rx)
    hdma_usart6_tx                           0x20000144   Data          96  usart.o(.bss.hdma_usart6_tx)
    htim1                                    0x200001a4   Data          72  tim.o(.bss.htim1)
    htim2                                    0x200001ec   Data          72  tim.o(.bss.htim2)
    htim3                                    0x20000234   Data          72  tim.o(.bss.htim3)
    htim4                                    0x2000027c   Data          72  tim.o(.bss.htim4)
    htim5                                    0x200002c4   Data          72  tim.o(.bss.htim5)
    htim6                                    0x2000030c   Data          72  tim.o(.bss.htim6)
    htim9                                    0x20000354   Data          72  tim.o(.bss.htim9)
    huart6                                   0x2000039c   Data          68  usart.o(.bss.huart6)
    motor                                    0x200003e0   Data         144  track.o(.bss.motor)
    uwTick                                   0x20000470   Data           4  stm32f4xx_hal.o(.bss.uwTick)



==============================================================================

Memory Map of the image

  Image Entry point : 0x08000189

  Load Region LR_IROM1 (Base: 0x08000000, Size: 0x00006070, Max: 0x00080000, ABSOLUTE)

    Execution Region ER_IROM1 (Exec base: 0x08000000, Load base: 0x08000000, Size: 0x00006058, Max: 0x00080000, ABSOLUTE)

    Exec Addr    Load Addr    Size         Type   Attr      Idx    E Section Name        Object

    0x08000000   0x08000000   0x00000188   Data   RO            3    RESET               startup_stm32f407xx.o
    0x08000188   0x08000188   0x00000008   Code   RO         1152  * !!!main             c_w.l(__main.o)
    0x08000190   0x08000190   0x00000034   Code   RO         1327    !!!scatter          c_w.l(__scatter.o)
    0x080001c4   0x080001c4   0x0000001a   Code   RO         1329    !!handler_copy      c_w.l(__scatter_copy.o)
    0x080001de   0x080001de   0x00000002   PAD
    0x080001e0   0x080001e0   0x0000001c   Code   RO         1331    !!handler_zi        c_w.l(__scatter_zi.o)
    0x080001fc   0x080001fc   0x00000002   Code   RO         1189    .ARM.Collect$$libinit$$00000000  c_w.l(libinit.o)
    0x080001fe   0x080001fe   0x00000004   Code   RO         1201    .ARM.Collect$$libinit$$00000001  c_w.l(libinit2.o)
    0x08000202   0x08000202   0x00000000   Code   RO         1204    .ARM.Collect$$libinit$$00000004  c_w.l(libinit2.o)
    0x08000202   0x08000202   0x00000000   Code   RO         1206    .ARM.Collect$$libinit$$00000006  c_w.l(libinit2.o)
    0x08000202   0x08000202   0x00000000   Code   RO         1209    .ARM.Collect$$libinit$$0000000C  c_w.l(libinit2.o)
    0x08000202   0x08000202   0x00000000   Code   RO         1211    .ARM.Collect$$libinit$$0000000E  c_w.l(libinit2.o)
    0x08000202   0x08000202   0x00000000   Code   RO         1213    .ARM.Collect$$libinit$$00000010  c_w.l(libinit2.o)
    0x08000202   0x08000202   0x00000000   Code   RO         1216    .ARM.Collect$$libinit$$00000013  c_w.l(libinit2.o)
    0x08000202   0x08000202   0x00000000   Code   RO         1218    .ARM.Collect$$libinit$$00000015  c_w.l(libinit2.o)
    0x08000202   0x08000202   0x00000000   Code   RO         1220    .ARM.Collect$$libinit$$00000017  c_w.l(libinit2.o)
    0x08000202   0x08000202   0x00000000   Code   RO         1222    .ARM.Collect$$libinit$$00000019  c_w.l(libinit2.o)
    0x08000202   0x08000202   0x00000000   Code   RO         1224    .ARM.Collect$$libinit$$0000001B  c_w.l(libinit2.o)
    0x08000202   0x08000202   0x00000000   Code   RO         1226    .ARM.Collect$$libinit$$0000001D  c_w.l(libinit2.o)
    0x08000202   0x08000202   0x00000000   Code   RO         1228    .ARM.Collect$$libinit$$0000001F  c_w.l(libinit2.o)
    0x08000202   0x08000202   0x00000000   Code   RO         1230    .ARM.Collect$$libinit$$00000021  c_w.l(libinit2.o)
    0x08000202   0x08000202   0x00000000   Code   RO         1232    .ARM.Collect$$libinit$$00000023  c_w.l(libinit2.o)
    0x08000202   0x08000202   0x00000000   Code   RO         1234    .ARM.Collect$$libinit$$00000025  c_w.l(libinit2.o)
    0x08000202   0x08000202   0x00000000   Code   RO         1236    .ARM.Collect$$libinit$$00000027  c_w.l(libinit2.o)
    0x08000202   0x08000202   0x00000000   Code   RO         1240    .ARM.Collect$$libinit$$0000002E  c_w.l(libinit2.o)
    0x08000202   0x08000202   0x00000000   Code   RO         1242    .ARM.Collect$$libinit$$00000030  c_w.l(libinit2.o)
    0x08000202   0x08000202   0x00000000   Code   RO         1244    .ARM.Collect$$libinit$$00000032  c_w.l(libinit2.o)
    0x08000202   0x08000202   0x00000000   Code   RO         1246    .ARM.Collect$$libinit$$00000034  c_w.l(libinit2.o)
    0x08000202   0x08000202   0x00000002   Code   RO         1247    .ARM.Collect$$libinit$$00000035  c_w.l(libinit2.o)
    0x08000204   0x08000204   0x00000002   Code   RO         1282    .ARM.Collect$$libshutdown$$00000000  c_w.l(libshutdown.o)
    0x08000206   0x08000206   0x00000000   Code   RO         1310    .ARM.Collect$$libshutdown$$00000002  c_w.l(libshutdown2.o)
    0x08000206   0x08000206   0x00000000   Code   RO         1312    .ARM.Collect$$libshutdown$$00000004  c_w.l(libshutdown2.o)
    0x08000206   0x08000206   0x00000000   Code   RO         1315    .ARM.Collect$$libshutdown$$00000007  c_w.l(libshutdown2.o)
    0x08000206   0x08000206   0x00000000   Code   RO         1318    .ARM.Collect$$libshutdown$$0000000A  c_w.l(libshutdown2.o)
    0x08000206   0x08000206   0x00000000   Code   RO         1320    .ARM.Collect$$libshutdown$$0000000C  c_w.l(libshutdown2.o)
    0x08000206   0x08000206   0x00000000   Code   RO         1323    .ARM.Collect$$libshutdown$$0000000F  c_w.l(libshutdown2.o)
    0x08000206   0x08000206   0x00000002   Code   RO         1324    .ARM.Collect$$libshutdown$$00000010  c_w.l(libshutdown2.o)
    0x08000208   0x08000208   0x00000000   Code   RO         1154    .ARM.Collect$$rtentry$$00000000  c_w.l(__rtentry.o)
    0x08000208   0x08000208   0x00000000   Code   RO         1160    .ARM.Collect$$rtentry$$00000002  c_w.l(__rtentry2.o)
    0x08000208   0x08000208   0x00000006   Code   RO         1172    .ARM.Collect$$rtentry$$00000004  c_w.l(__rtentry4.o)
    0x0800020e   0x0800020e   0x00000000   Code   RO         1162    .ARM.Collect$$rtentry$$00000009  c_w.l(__rtentry2.o)
    0x0800020e   0x0800020e   0x00000004   Code   RO         1163    .ARM.Collect$$rtentry$$0000000A  c_w.l(__rtentry2.o)
    0x08000212   0x08000212   0x00000000   Code   RO         1165    .ARM.Collect$$rtentry$$0000000C  c_w.l(__rtentry2.o)
    0x08000212   0x08000212   0x00000008   Code   RO         1166    .ARM.Collect$$rtentry$$0000000D  c_w.l(__rtentry2.o)
    0x0800021a   0x0800021a   0x00000002   Code   RO         1193    .ARM.Collect$$rtexit$$00000000  c_w.l(rtexit.o)
    0x0800021c   0x0800021c   0x00000000   Code   RO         1253    .ARM.Collect$$rtexit$$00000002  c_w.l(rtexit2.o)
    0x0800021c   0x0800021c   0x00000004   Code   RO         1254    .ARM.Collect$$rtexit$$00000003  c_w.l(rtexit2.o)
    0x08000220   0x08000220   0x00000006   Code   RO         1255    .ARM.Collect$$rtexit$$00000004  c_w.l(rtexit2.o)
    0x08000226   0x08000226   0x00000002   PAD
    0x08000228   0x08000228   0x00000040   Code   RO            4    .text               startup_stm32f407xx.o
    0x08000268   0x08000268   0x000000f0   Code   RO         1146    .text               c_w.l(lludivv7m.o)
    0x08000358   0x08000358   0x0000004e   Code   RO         1148    .text               c_w.l(rt_memclr_w.o)
    0x080003a6   0x080003a6   0x00000006   Code   RO         1150    .text               c_w.l(heapauxi.o)
    0x080003ac   0x080003ac   0x0000004a   Code   RO         1176    .text               c_w.l(sys_stackheap_outer.o)
    0x080003f6   0x080003f6   0x00000012   Code   RO         1178    .text               c_w.l(exit.o)
    0x08000408   0x08000408   0x00000008   Code   RO         1190    .text               c_w.l(libspace.o)
    0x08000410   0x08000410   0x0000000c   Code   RO         1248    .text               c_w.l(sys_exit.o)
    0x0800041c   0x0800041c   0x00000002   Code   RO         1271    .text               c_w.l(use_no_semi.o)
    0x0800041e   0x0800041e   0x00000000   Code   RO         1273    .text               c_w.l(indicate_semi.o)
    0x0800041e   0x0800041e   0x00000002   PAD
    0x08000420   0x08000420   0x00000002   Code   RO          257    .text.BusFault_Handler  stm32f4xx_it.o
    0x08000422   0x08000422   0x00000002   PAD
    0x08000424   0x08000424   0x0000000e   Code   RO           90    .text.DISC_Rotate   duoji.o
    0x08000432   0x08000432   0x00000002   PAD
    0x08000434   0x08000434   0x0000000c   Code   RO          277    .text.DMA2_Stream1_IRQHandler  stm32f4xx_it.o
    0x08000440   0x08000440   0x0000000c   Code   RO          279    .text.DMA2_Stream6_IRQHandler  stm32f4xx_it.o
    0x0800044c   0x0800044c   0x00000002   Code   RO          263    .text.DebugMon_Handler  stm32f4xx_it.o
    0x0800044e   0x0800044e   0x00000002   PAD
    0x08000450   0x08000450   0x00000006   Code   RO          269    .text.EXTI4_IRQHandler  stm32f4xx_it.o
    0x08000456   0x08000456   0x00000002   PAD
    0x08000458   0x08000458   0x0000000a   Code   RO          155    .text.Error_Handler  main.o
    0x08000462   0x08000462   0x00000002   PAD
    0x08000464   0x08000464   0x00000092   Code   RO          773    .text.HAL_DMA_Abort  stm32f4xx_hal_dma.o
    0x080004f6   0x080004f6   0x00000002   PAD
    0x080004f8   0x080004f8   0x00000024   Code   RO          775    .text.HAL_DMA_Abort_IT  stm32f4xx_hal_dma.o
    0x0800051c   0x0800051c   0x000001c0   Code   RO          779    .text.HAL_DMA_IRQHandler  stm32f4xx_hal_dma.o
    0x080006dc   0x080006dc   0x00000162   Code   RO          765    .text.HAL_DMA_Init  stm32f4xx_hal_dma.o
    0x0800083e   0x0800083e   0x00000002   PAD
    0x08000840   0x08000840   0x00000028   Code   RO          926    .text.HAL_Delay     stm32f4xx_hal.o
    0x08000868   0x08000868   0x00000016   Code   RO          119    .text.HAL_GPIO_EXTI_Callback  tsc2300.o
    0x0800087e   0x0800087e   0x00000002   PAD
    0x08000880   0x08000880   0x00000016   Code   RO          739    .text.HAL_GPIO_EXTI_IRQHandler  stm32f4xx_hal_gpio.o
    0x08000896   0x08000896   0x00000002   PAD
    0x08000898   0x08000898   0x000001ba   Code   RO          727    .text.HAL_GPIO_Init  stm32f4xx_hal_gpio.o
    0x08000a52   0x08000a52   0x00000002   PAD
    0x08000a54   0x08000a54   0x0000000a   Code   RO          731    .text.HAL_GPIO_ReadPin  stm32f4xx_hal_gpio.o
    0x08000a5e   0x08000a5e   0x00000002   PAD
    0x08000a60   0x08000a60   0x0000000a   Code   RO          733    .text.HAL_GPIO_WritePin  stm32f4xx_hal_gpio.o
    0x08000a6a   0x08000a6a   0x00000002   PAD
    0x08000a6c   0x08000a6c   0x0000000c   Code   RO          918    .text.HAL_GetTick   stm32f4xx_hal.o
    0x08000a78   0x08000a78   0x0000001a   Code   RO          916    .text.HAL_IncTick   stm32f4xx_hal.o
    0x08000a92   0x08000a92   0x00000002   PAD
    0x08000a94   0x08000a94   0x00000036   Code   RO          906    .text.HAL_Init      stm32f4xx_hal.o
    0x08000aca   0x08000aca   0x00000002   PAD
    0x08000acc   0x08000acc   0x00000048   Code   RO          908    .text.HAL_InitTick  stm32f4xx_hal.o
    0x08000b14   0x08000b14   0x00000038   Code   RO          290    .text.HAL_MspInit   stm32f4xx_hal_msp.o
    0x08000b4c   0x08000b4c   0x00000020   Code   RO          864    .text.HAL_NVIC_EnableIRQ  stm32f4xx_hal_cortex.o
    0x08000b6c   0x08000b6c   0x00000056   Code   RO          862    .text.HAL_NVIC_SetPriority  stm32f4xx_hal_cortex.o
    0x08000bc2   0x08000bc2   0x00000002   PAD
    0x08000bc4   0x08000bc4   0x00000020   Code   RO          860    .text.HAL_NVIC_SetPriorityGrouping  stm32f4xx_hal_cortex.o
    0x08000be4   0x08000be4   0x00000160   Code   RO          621    .text.HAL_RCC_ClockConfig  stm32f4xx_hal_rcc.o
    0x08000d44   0x08000d44   0x00000026   Code   RO          633    .text.HAL_RCC_GetPCLK1Freq  stm32f4xx_hal_rcc.o
    0x08000d6a   0x08000d6a   0x00000002   PAD
    0x08000d6c   0x08000d6c   0x00000026   Code   RO          635    .text.HAL_RCC_GetPCLK2Freq  stm32f4xx_hal_rcc.o
    0x08000d92   0x08000d92   0x00000002   PAD
    0x08000d94   0x08000d94   0x0000006c   Code   RO          623    .text.HAL_RCC_GetSysClockFreq  stm32f4xx_hal_rcc.o
    0x08000e00   0x08000e00   0x00000378   Code   RO          619    .text.HAL_RCC_OscConfig  stm32f4xx_hal_rcc.o
    0x08001178   0x08001178   0x0000002c   Code   RO          872    .text.HAL_SYSTICK_Config  stm32f4xx_hal_cortex.o
    0x080011a4   0x080011a4   0x00000002   Code   RO          603    .text.HAL_TIMEx_BreakCallback  stm32f4xx_hal_tim_ex.o
    0x080011a6   0x080011a6   0x00000002   PAD
    0x080011a8   0x080011a8   0x00000002   Code   RO          599    .text.HAL_TIMEx_CommutCallback  stm32f4xx_hal_tim_ex.o
    0x080011aa   0x080011aa   0x00000002   PAD
    0x080011ac   0x080011ac   0x000000b6   Code   RO          593    .text.HAL_TIMEx_MasterConfigSynchronization  stm32f4xx_hal_tim_ex.o
    0x08001262   0x08001262   0x00000002   PAD
    0x08001264   0x08001264   0x0000005a   Code   RO          298    .text.HAL_TIM_Base_Init  stm32f4xx_hal_tim.o
    0x080012be   0x080012be   0x00000002   PAD
    0x080012c0   0x080012c0   0x000000cc   Code   RO          209    .text.HAL_TIM_Base_MspInit  tim.o
    0x0800138c   0x0800138c   0x000000aa   Code   RO          312    .text.HAL_TIM_Base_Start_IT  stm32f4xx_hal_tim.o
    0x08001436   0x08001436   0x00000002   PAD
    0x08001438   0x08001438   0x0000019c   Code   RO          478    .text.HAL_TIM_ConfigClockSource  stm32f4xx_hal_tim.o
    0x080015d4   0x080015d4   0x000000b2   Code   RO          412    .text.HAL_TIM_Encoder_Init  stm32f4xx_hal_tim.o
    0x08001686   0x08001686   0x00000002   PAD
    0x08001688   0x08001688   0x000000de   Code   RO          207    .text.HAL_TIM_Encoder_MspInit  tim.o
    0x08001766   0x08001766   0x00000002   PAD
    0x08001768   0x08001768   0x000000bc   Code   RO          420    .text.HAL_TIM_Encoder_Start  stm32f4xx_hal_tim.o
    0x08001824   0x08001824   0x00000002   Code   RO          434    .text.HAL_TIM_IC_CaptureCallback  stm32f4xx_hal_tim.o
    0x08001826   0x08001826   0x00000002   PAD
    0x08001828   0x08001828   0x00000170   Code   RO          432    .text.HAL_TIM_IRQHandler  stm32f4xx_hal_tim.o
    0x08001998   0x08001998   0x0000017e   Code   RO          195    .text.HAL_TIM_MspPostInit  tim.o
    0x08001b16   0x08001b16   0x00000002   PAD
    0x08001b18   0x08001b18   0x000001b8   Code   RO          444    .text.HAL_TIM_OC_ConfigChannel  stm32f4xx_hal_tim.o
    0x08001cd0   0x08001cd0   0x00000002   Code   RO          436    .text.HAL_TIM_OC_DelayElapsedCallback  stm32f4xx_hal_tim.o
    0x08001cd2   0x08001cd2   0x00000002   PAD
    0x08001cd4   0x08001cd4   0x0000005a   Code   RO          326    .text.HAL_TIM_OC_Init  stm32f4xx_hal_tim.o
    0x08001d2e   0x08001d2e   0x00000002   PAD
    0x08001d30   0x08001d30   0x00000002   Code   RO          328    .text.HAL_TIM_OC_MspInit  stm32f4xx_hal_tim.o
    0x08001d32   0x08001d32   0x00000002   PAD
    0x08001d34   0x08001d34   0x00000222   Code   RO          452    .text.HAL_TIM_PWM_ConfigChannel  stm32f4xx_hal_tim.o
    0x08001f56   0x08001f56   0x00000002   PAD
    0x08001f58   0x08001f58   0x0000005a   Code   RO          352    .text.HAL_TIM_PWM_Init  stm32f4xx_hal_tim.o
    0x08001fb2   0x08001fb2   0x00000002   PAD
    0x08001fb4   0x08001fb4   0x00000036   Code   RO          211    .text.HAL_TIM_PWM_MspInit  tim.o
    0x08001fea   0x08001fea   0x00000002   PAD
    0x08001fec   0x08001fec   0x00000002   Code   RO          438    .text.HAL_TIM_PWM_PulseFinishedCallback  stm32f4xx_hal_tim.o
    0x08001fee   0x08001fee   0x00000002   PAD
    0x08001ff0   0x08001ff0   0x00000112   Code   RO          360    .text.HAL_TIM_PWM_Start  stm32f4xx_hal_tim.o
    0x08002102   0x08002102   0x00000002   PAD
    0x08002104   0x08002104   0x00000002   Code   RO          440    .text.HAL_TIM_PeriodElapsedCallback  stm32f4xx_hal_tim.o
    0x08002106   0x08002106   0x00000002   PAD
    0x08002108   0x08002108   0x00000002   Code   RO          442    .text.HAL_TIM_TriggerCallback  stm32f4xx_hal_tim.o
    0x0800210a   0x0800210a   0x00000002   PAD
    0x0800210c   0x0800210c   0x00000002   Code   RO         1080    .text.HAL_UARTEx_RxEventCallback  stm32f4xx_hal_uart.o
    0x0800210e   0x0800210e   0x00000002   PAD
    0x08002110   0x08002110   0x00000002   Code   RO         1078    .text.HAL_UART_ErrorCallback  stm32f4xx_hal_uart.o
    0x08002112   0x08002112   0x00000002   PAD
    0x08002114   0x08002114   0x00000558   Code   RO         1072    .text.HAL_UART_IRQHandler  stm32f4xx_hal_uart.o
    0x0800266c   0x0800266c   0x0000005e   Code   RO          996    .text.HAL_UART_Init  stm32f4xx_hal_uart.o
    0x080026ca   0x080026ca   0x00000002   PAD
    0x080026cc   0x080026cc   0x000000fc   Code   RO          236    .text.HAL_UART_MspInit  usart.o
    0x080027c8   0x080027c8   0x00000002   Code   RO         1086    .text.HAL_UART_RxCpltCallback  stm32f4xx_hal_uart.o
    0x080027ca   0x080027ca   0x00000002   PAD
    0x080027cc   0x080027cc   0x00000002   Code   RO         1082    .text.HAL_UART_TxCpltCallback  stm32f4xx_hal_uart.o
    0x080027ce   0x080027ce   0x00000002   PAD
    0x080027d0   0x080027d0   0x00000002   Code   RO          253    .text.HardFault_Handler  stm32f4xx_it.o
    0x080027d2   0x080027d2   0x00000002   PAD
    0x080027d4   0x080027d4   0x00000012   Code   RO           94    .text.MG90S_Rotate_down1  duoji.o
    0x080027e6   0x080027e6   0x00000002   PAD
    0x080027e8   0x080027e8   0x00000012   Code   RO           98    .text.MG90S_Rotate_down2  duoji.o
    0x080027fa   0x080027fa   0x00000002   PAD
    0x080027fc   0x080027fc   0x00000012   Code   RO          102    .text.MG90S_Rotate_down3  duoji.o
    0x0800280e   0x0800280e   0x00000002   PAD
    0x08002810   0x08002810   0x00000012   Code   RO          106    .text.MG90S_Rotate_down4  duoji.o
    0x08002822   0x08002822   0x00000002   PAD
    0x08002824   0x08002824   0x00000012   Code   RO          110    .text.MG90S_Rotate_down5  duoji.o
    0x08002836   0x08002836   0x00000002   PAD
    0x08002838   0x08002838   0x00000012   Code   RO           92    .text.MG90S_Rotate_up1  duoji.o
    0x0800284a   0x0800284a   0x00000002   PAD
    0x0800284c   0x0800284c   0x00000012   Code   RO           96    .text.MG90S_Rotate_up2  duoji.o
    0x0800285e   0x0800285e   0x00000002   PAD
    0x08002860   0x08002860   0x00000012   Code   RO          100    .text.MG90S_Rotate_up3  duoji.o
    0x08002872   0x08002872   0x00000002   PAD
    0x08002874   0x08002874   0x00000012   Code   RO          104    .text.MG90S_Rotate_up4  duoji.o
    0x08002886   0x08002886   0x00000002   PAD
    0x08002888   0x08002888   0x00000012   Code   RO          108    .text.MG90S_Rotate_up5  duoji.o
    0x0800289a   0x0800289a   0x00000002   PAD
    0x0800289c   0x0800289c   0x00000048   Code   RO          182    .text.MX_DMA_Init   dma.o
    0x080028e4   0x080028e4   0x00000194   Code   RO          173    .text.MX_GPIO_Init  gpio.o
    0x08002a78   0x08002a78   0x0000006c   Code   RO          191    .text.MX_TIM1_Init  tim.o
    0x08002ae4   0x08002ae4   0x00000126   Code   RO          193    .text.MX_TIM2_Init  tim.o
    0x08002c0a   0x08002c0a   0x00000002   PAD
    0x08002c0c   0x08002c0c   0x00000068   Code   RO          197    .text.MX_TIM3_Init  tim.o
    0x08002c74   0x08002c74   0x00000112   Code   RO          199    .text.MX_TIM4_Init  tim.o
    0x08002d86   0x08002d86   0x00000002   PAD
    0x08002d88   0x08002d88   0x000000cc   Code   RO          201    .text.MX_TIM5_Init  tim.o
    0x08002e54   0x08002e54   0x00000052   Code   RO          203    .text.MX_TIM6_Init  tim.o
    0x08002ea6   0x08002ea6   0x00000002   PAD
    0x08002ea8   0x08002ea8   0x00000084   Code   RO          205    .text.MX_TIM9_Init  tim.o
    0x08002f2c   0x08002f2c   0x0000003c   Code   RO          234    .text.MX_USART6_UART_Init  usart.o
    0x08002f68   0x08002f68   0x00000002   Code   RO          255    .text.MemManage_Handler  stm32f4xx_it.o
    0x08002f6a   0x08002f6a   0x00000002   PAD
    0x08002f6c   0x08002f6c   0x00000002   Code   RO          251    .text.NMI_Handler   stm32f4xx_it.o
    0x08002f6e   0x08002f6e   0x00000002   PAD
    0x08002f70   0x08002f70   0x0000015c   Code   RO         1133    .text.PID_calc      pid.o
    0x080030cc   0x080030cc   0x00000016   Code   RO         1135    .text.PID_clear     pid.o
    0x080030e2   0x080030e2   0x00000002   PAD
    0x080030e4   0x080030e4   0x00000032   Code   RO         1131    .text.PID_init      pid.o
    0x08003116   0x08003116   0x00000002   PAD
    0x08003118   0x08003118   0x00000002   Code   RO          265    .text.PendSV_Handler  stm32f4xx_it.o
    0x0800311a   0x0800311a   0x00000002   PAD
    0x0800311c   0x0800311c   0x00000002   Code   RO          261    .text.SVC_Handler   stm32f4xx_it.o
    0x0800311e   0x0800311e   0x00000002   PAD
    0x08003120   0x08003120   0x00000004   Code   RO          267    .text.SysTick_Handler  stm32f4xx_it.o
    0x08003124   0x08003124   0x000000ac   Code   RO          153    .text.SystemClock_Config  main.o
    0x080031d0   0x080031d0   0x00000012   Code   RO         1116    .text.SystemInit    system_stm32f4xx.o
    0x080031e2   0x080031e2   0x00000002   PAD
    0x080031e4   0x080031e4   0x0000000c   Code   RO          271    .text.TIM3_IRQHandler  stm32f4xx_it.o
    0x080031f0   0x080031f0   0x0000000c   Code   RO          273    .text.TIM5_IRQHandler  stm32f4xx_it.o
    0x080031fc   0x080031fc   0x0000000c   Code   RO          275    .text.TIM6_DAC_IRQHandler  stm32f4xx_it.o
    0x08003208   0x08003208   0x0000013c   Code   RO          302    .text.TIM_Base_SetConfig  stm32f4xx_hal_tim.o
    0x08003344   0x08003344   0x000001fa   Code   RO           15    .text.Tracking      track.o
    0x0800353e   0x0800353e   0x00000002   PAD
    0x08003540   0x08003540   0x000000f2   Code   RO           35    .text.Tracking2     track.o
    0x08003632   0x08003632   0x00000002   PAD
    0x08003634   0x08003634   0x000001fc   Code   RO           41    .text.Tracking3     track.o
    0x08003830   0x08003830   0x000001f6   Code   RO           45    .text.Tracking5     track.o
    0x08003a26   0x08003a26   0x00000002   PAD
    0x08003a28   0x08003a28   0x00000220   Code   RO           47    .text.Tracking6     track.o
    0x08003c48   0x08003c48   0x00000122   Code   RO           37    .text.Tracking7     track.o
    0x08003d6a   0x08003d6a   0x00000002   PAD
    0x08003d6c   0x08003d6c   0x00000058   Code   RO           13    .text.Tracking_Init  track.o
    0x08003dc4   0x08003dc4   0x00000244   Code   RO           17    .text.Trackinghou   track.o
    0x08004008   0x08004008   0x00000218   Code   RO           19    .text.Trackinghou2  track.o
    0x08004220   0x08004220   0x0000021c   Code   RO           21    .text.Trackinghou3  track.o
    0x0800443c   0x0800443c   0x0000000c   Code   RO         1076    .text.UART_DMAAbortOnError  stm32f4xx_hal_uart.o
    0x08004448   0x08004448   0x000000fe   Code   RO         1074    .text.UART_Receive_IT  stm32f4xx_hal_uart.o
    0x08004546   0x08004546   0x00000002   PAD
    0x08004548   0x08004548   0x000000e2   Code   RO         1000    .text.UART_SetConfig  stm32f4xx_hal_uart.o
    0x0800462a   0x0800462a   0x00000002   PAD
    0x0800462c   0x0800462c   0x0000000c   Code   RO          281    .text.USART6_IRQHandler  stm32f4xx_it.o
    0x08004638   0x08004638   0x00000002   Code   RO          259    .text.UsageFault_Handler  stm32f4xx_it.o
    0x0800463a   0x0800463a   0x00000002   PAD
    0x0800463c   0x0800463c   0x00000038   Code   RO           81    .text.car_go_after  motor.o
    0x08004674   0x08004674   0x00000038   Code   RO           79    .text.car_go_stop   motor.o
    0x080046ac   0x080046ac   0x00000038   Code   RO           69    .text.car_go_straight  motor.o
    0x080046e4   0x080046e4   0x000009ee   Code   RO          151    .text.main          main.o
    0x080050d2   0x080050d2   0x00000002   PAD
    0x080050d4   0x080050d4   0x00000300   Code   RO          129    .text.rgb           tsc2300.o
    0x080053d4   0x080053d4   0x00000044   Code   RO          131    .text.tcs2300       tsc2300.o
    0x08005418   0x08005418   0x00000026   Code   RO          133    .text.tcs2300_turn  tsc2300.o
    0x0800543e   0x0800543e   0x00000002   PAD
    0x08005440   0x08005440   0x00000038   Code   RO           77    .text.turn_left     motor.o
    0x08005478   0x08005478   0x00000038   Code   RO           75    .text.turn_right    motor.o
    0x080054b0   0x080054b0   0x000000a8   Code   RO          121    .text.whitebalance  tsc2300.o
    0x08005558   0x08005558   0x0000012a   Code   RO           29    .text.youzhuan1     track.o
    0x08005682   0x08005682   0x00000002   PAD
    0x08005684   0x08005684   0x0000012a   Code   RO           53    .text.youzhuan1_3   track.o
    0x080057ae   0x080057ae   0x00000002   PAD
    0x080057b0   0x080057b0   0x0000012a   Code   RO           31    .text.youzhuan2     track.o
    0x080058da   0x080058da   0x00000002   PAD
    0x080058dc   0x080058dc   0x00000130   Code   RO           55    .text.youzhuan2_3   track.o
    0x08005a0c   0x08005a0c   0x0000012a   Code   RO           23    .text.zuozhuan1     track.o
    0x08005b36   0x08005b36   0x00000002   PAD
    0x08005b38   0x08005b38   0x0000012a   Code   RO           49    .text.zuozhuan1_3   track.o
    0x08005c62   0x08005c62   0x00000002   PAD
    0x08005c64   0x08005c64   0x0000012a   Code   RO           25    .text.zuozhuan2     track.o
    0x08005d8e   0x08005d8e   0x00000002   PAD
    0x08005d90   0x08005d90   0x0000012a   Code   RO           51    .text.zuozhuan2_3   track.o
    0x08005eba   0x08005eba   0x00000002   PAD
    0x08005ebc   0x08005ebc   0x0000012a   Code   RO           27    .text.zuozhuan3     track.o
    0x08005fe6   0x08005fe6   0x0000001a   Code   RO         1265    x$fpl$fpinit        fz_wm.l(fpinit.o)
    0x08006000   0x08006000   0x00000010   Data   RO         1121    .rodata.AHBPrescTable  system_stm32f4xx.o
    0x08006010   0x08006010   0x00000008   Data   RO         1122    .rodata.APBPrescTable  system_stm32f4xx.o
    0x08006018   0x08006018   0x00000008   Data   RO          789    .rodata.cst8        stm32f4xx_hal_dma.o
    0x08006020   0x08006020   0x0000000c   Data   RO           58    .rodata.motor_speed1_pid  track.o
    0x0800602c   0x0800602c   0x0000000c   Data   RO           59    .rodata.motor_speed2_pid  track.o
    0x08006038   0x08006038   0x00000020   Data   RO         1326    Region$$Table       anon$$obj.o


    Execution Region RW_IRAM1 (Exec base: 0x20000000, Load base: 0x08006058, Size: 0x00000a78, Max: 0x0001c000, ABSOLUTE)

    Exec Addr    Load Addr    Size         Type   Attr      Idx    E Section Name        Object

    0x20000000   0x08006058   0x00000006   Data   RW          141    .data..L_MergedGlobals  tsc2300.o
    0x20000006   0x0800605e   0x00000002   PAD
    0x20000008   0x08006060   0x00000008   Data   RW          961    .data..L_MergedGlobals  stm32f4xx_hal.o
    0x20000010   0x08006068   0x00000004   Data   RW         1120    .data.SystemCoreClock  system_stm32f4xx.o
    0x20000014   0x0800606c   0x00000004   PAD
    0x20000018        -       0x00000060   Zero   RW         1191    .bss                c_w.l(libspace.o)
    0x20000078        -       0x00000054   Zero   RW           60    .bss..L_MergedGlobals  track.o
    0x200000cc        -       0x00000014   Zero   RW          142    .bss..L_MergedGlobals.1  tsc2300.o
    0x200000e0        -       0x00000004   Zero   RW          157    .bss.color          main.o
    0x200000e4        -       0x00000060   Zero   RW          241    .bss.hdma_usart6_rx  usart.o
    0x20000144        -       0x00000060   Zero   RW          242    .bss.hdma_usart6_tx  usart.o
    0x200001a4        -       0x00000048   Zero   RW          219    .bss.htim1          tim.o
    0x200001ec        -       0x00000048   Zero   RW          220    .bss.htim2          tim.o
    0x20000234        -       0x00000048   Zero   RW          221    .bss.htim3          tim.o
    0x2000027c        -       0x00000048   Zero   RW          222    .bss.htim4          tim.o
    0x200002c4        -       0x00000048   Zero   RW          223    .bss.htim5          tim.o
    0x2000030c        -       0x00000048   Zero   RW          224    .bss.htim6          tim.o
    0x20000354        -       0x00000048   Zero   RW          225    .bss.htim9          tim.o
    0x2000039c        -       0x00000044   Zero   RW          240    .bss.huart6         usart.o
    0x200003e0        -       0x00000090   Zero   RW           57    .bss.motor          track.o
    0x20000470        -       0x00000004   Zero   RW          960    .bss.uwTick         stm32f4xx_hal.o
    0x20000474   0x0800606c   0x00000004   PAD
    0x20000478        -       0x00000200   Zero   RW            2    HEAP                startup_stm32f407xx.o
    0x20000678        -       0x00000400   Zero   RW            1    STACK               startup_stm32f407xx.o


    Execution Region RW_IRAM2 (Exec base: 0x2001c000, Load base: 0x08006070, Size: 0x00000000, Max: 0x00004000, ABSOLUTE)

    **** No section assigned to this execution region ****


==============================================================================

Image component sizes


      Code (inc. data)   RO Data    RW Data    ZI Data      Debug   Object Name

        72          0          0          0          0       3471   dma.o
       194          0          0          0          0       1273   duoji.o
       404          0          0          0          0       4237   gpio.o
      2724          0          0          0          4       4392   main.o
       280          0          0          0          0       1773   motor.o
       420          4          0          0          0       2052   pid.o
        64         26        392          0       1536        852   startup_stm32f407xx.o
       204          0          0          8          4       7300   stm32f4xx_hal.o
       194          0          0          0          0      10498   stm32f4xx_hal_cortex.o
       984          6          8          0          0      10588   stm32f4xx_hal_dma.o
       484          0          0          0          0       5292   stm32f4xx_hal_gpio.o
        56          0          0          0          0       1461   stm32f4xx_hal_msp.o
      1424          0          0          0          0       7419   stm32f4xx_hal_rcc.o
      3174          8          0          0          0      55019   stm32f4xx_hal_tim.o
       186          0          0          0          0      21246   stm32f4xx_hal_tim_ex.o
      1962          0          0          0          0      31998   stm32f4xx_hal_uart.o
        98          0          0          0          0       6293   stm32f4xx_it.o
        18          0         24          4          0       2637   system_stm32f4xx.o
      2060          6          0          0        504      11414   tim.o
      7024          8         24          0        228      12605   track.o
      1064         38          0          6         20       4160   tsc2300.o
       312          0          0          0        260       7062   usart.o

    ----------------------------------------------------------------------
     23558         96        480         20       2564     213042   Object Totals
         0          0         32          0          0          0   (incl. Generated)
       156          0          0          2          8          0   (incl. Padding)

    ----------------------------------------------------------------------

      Code (inc. data)   RO Data    RW Data    ZI Data      Debug   Library Member Name

         8          0          0          0          0         68   __main.o
         0          0          0          0          0          0   __rtentry.o
        12          0          0          0          0          0   __rtentry2.o
         6          0          0          0          0          0   __rtentry4.o
        52          8          0          0          0          0   __scatter.o
        26          0          0          0          0          0   __scatter_copy.o
        28          0          0          0          0          0   __scatter_zi.o
        18          0          0          0          0         80   exit.o
         6          0          0          0          0        152   heapauxi.o
         0          0          0          0          0          0   indicate_semi.o
         2          0          0          0          0          0   libinit.o
         6          0          0          0          0          0   libinit2.o
         2          0          0          0          0          0   libshutdown.o
         2          0          0          0          0          0   libshutdown2.o
         8          4          0          0         96         68   libspace.o
       240          0          0          0          0        100   lludivv7m.o
        78          0          0          0          0         80   rt_memclr_w.o
         2          0          0          0          0          0   rtexit.o
        10          0          0          0          0          0   rtexit2.o
        12          4          0          0          0         68   sys_exit.o
        74          0          0          0          0         80   sys_stackheap_outer.o
         2          0          0          0          0         68   use_no_semi.o
        26          0          0          0          0        116   fpinit.o

    ----------------------------------------------------------------------
       626         16          0          0         96        880   Library Totals
         6          0          0          0          0          0   (incl. Padding)

    ----------------------------------------------------------------------

      Code (inc. data)   RO Data    RW Data    ZI Data      Debug   Library Name

       594         16          0          0         96        764   c_w.l
        26          0          0          0          0        116   fz_wm.l

    ----------------------------------------------------------------------
       626         16          0          0         96        880   Library Totals

    ----------------------------------------------------------------------

==============================================================================


      Code (inc. data)   RO Data    RW Data    ZI Data      Debug   

     24184        112        480         20       2660     213262   Grand Totals
     24184        112        480         20       2660     213262   ELF Image Totals
     24184        112        480         20          0          0   ROM Totals

==============================================================================

    Total RO  Size (Code + RO Data)                24664 (  24.09kB)
    Total RW  Size (RW Data + ZI Data)              2680 (   2.62kB)
    Total ROM Size (Code + RO Data + RW Data)      24684 (  24.11kB)

==============================================================================

